Archive member included to satisfy reference by file (symbol)

/home/dragomir/MounRiver_Studio_Community_Linux_x64_V170/MRS_Community/toolchain/RISC-V Embedded GCC/bin/../lib/gcc/riscv-none-embed/8.2.0/../../../../riscv-none-embed/lib/rv32imac/ilp32/libg_nano.a(lib_a-printf.o)
                              ./User/main.o (printf)
/home/dragomir/MounRiver_Studio_Community_Linux_x64_V170/MRS_Community/toolchain/RISC-V Embedded GCC/bin/../lib/gcc/riscv-none-embed/8.2.0/../../../../riscv-none-embed/lib/rv32imac/ilp32/libg_nano.a(lib_a-puts.o)
                              ./User/main.o (puts)
/home/dragomir/MounRiver_Studio_Community_Linux_x64_V170/MRS_Community/toolchain/RISC-V Embedded GCC/bin/../lib/gcc/riscv-none-embed/8.2.0/../../../../riscv-none-embed/lib/rv32imac/ilp32/libg_nano.a(lib_a-wbuf.o)
                              /home/dragomir/MounRiver_Studio_Community_Linux_x64_V170/MRS_Community/toolchain/RISC-V Embedded GCC/bin/../lib/gcc/riscv-none-embed/8.2.0/../../../../riscv-none-embed/lib/rv32imac/ilp32/libg_nano.a(lib_a-puts.o) (__swbuf_r)
/home/dragomir/MounRiver_Studio_Community_Linux_x64_V170/MRS_Community/toolchain/RISC-V Embedded GCC/bin/../lib/gcc/riscv-none-embed/8.2.0/../../../../riscv-none-embed/lib/rv32imac/ilp32/libg_nano.a(lib_a-wsetup.o)
                              /home/dragomir/MounRiver_Studio_Community_Linux_x64_V170/MRS_Community/toolchain/RISC-V Embedded GCC/bin/../lib/gcc/riscv-none-embed/8.2.0/../../../../riscv-none-embed/lib/rv32imac/ilp32/libg_nano.a(lib_a-puts.o) (__swsetup_r)
/home/dragomir/MounRiver_Studio_Community_Linux_x64_V170/MRS_Community/toolchain/RISC-V Embedded GCC/bin/../lib/gcc/riscv-none-embed/8.2.0/../../../../riscv-none-embed/lib/rv32imac/ilp32/libg_nano.a(lib_a-fflush.o)
                              /home/dragomir/MounRiver_Studio_Community_Linux_x64_V170/MRS_Community/toolchain/RISC-V Embedded GCC/bin/../lib/gcc/riscv-none-embed/8.2.0/../../../../riscv-none-embed/lib/rv32imac/ilp32/libg_nano.a(lib_a-wbuf.o) (_fflush_r)
/home/dragomir/MounRiver_Studio_Community_Linux_x64_V170/MRS_Community/toolchain/RISC-V Embedded GCC/bin/../lib/gcc/riscv-none-embed/8.2.0/../../../../riscv-none-embed/lib/rv32imac/ilp32/libg_nano.a(lib_a-findfp.o)
                              /home/dragomir/MounRiver_Studio_Community_Linux_x64_V170/MRS_Community/toolchain/RISC-V Embedded GCC/bin/../lib/gcc/riscv-none-embed/8.2.0/../../../../riscv-none-embed/lib/rv32imac/ilp32/libg_nano.a(lib_a-printf.o) (__sinit)
/home/dragomir/MounRiver_Studio_Community_Linux_x64_V170/MRS_Community/toolchain/RISC-V Embedded GCC/bin/../lib/gcc/riscv-none-embed/8.2.0/../../../../riscv-none-embed/lib/rv32imac/ilp32/libg_nano.a(lib_a-fwalk.o)
                              /home/dragomir/MounRiver_Studio_Community_Linux_x64_V170/MRS_Community/toolchain/RISC-V Embedded GCC/bin/../lib/gcc/riscv-none-embed/8.2.0/../../../../riscv-none-embed/lib/rv32imac/ilp32/libg_nano.a(lib_a-findfp.o) (_fwalk)
/home/dragomir/MounRiver_Studio_Community_Linux_x64_V170/MRS_Community/toolchain/RISC-V Embedded GCC/bin/../lib/gcc/riscv-none-embed/8.2.0/../../../../riscv-none-embed/lib/rv32imac/ilp32/libg_nano.a(lib_a-impure.o)
                              /home/dragomir/MounRiver_Studio_Community_Linux_x64_V170/MRS_Community/toolchain/RISC-V Embedded GCC/bin/../lib/gcc/riscv-none-embed/8.2.0/../../../../riscv-none-embed/lib/rv32imac/ilp32/libg_nano.a(lib_a-fflush.o) (_global_impure_ptr)
/home/dragomir/MounRiver_Studio_Community_Linux_x64_V170/MRS_Community/toolchain/RISC-V Embedded GCC/bin/../lib/gcc/riscv-none-embed/8.2.0/../../../../riscv-none-embed/lib/rv32imac/ilp32/libg_nano.a(lib_a-makebuf.o)
                              /home/dragomir/MounRiver_Studio_Community_Linux_x64_V170/MRS_Community/toolchain/RISC-V Embedded GCC/bin/../lib/gcc/riscv-none-embed/8.2.0/../../../../riscv-none-embed/lib/rv32imac/ilp32/libg_nano.a(lib_a-wsetup.o) (__smakebuf_r)
/home/dragomir/MounRiver_Studio_Community_Linux_x64_V170/MRS_Community/toolchain/RISC-V Embedded GCC/bin/../lib/gcc/riscv-none-embed/8.2.0/../../../../riscv-none-embed/lib/rv32imac/ilp32/libg_nano.a(lib_a-memset.o)
                              /home/dragomir/MounRiver_Studio_Community_Linux_x64_V170/MRS_Community/toolchain/RISC-V Embedded GCC/bin/../lib/gcc/riscv-none-embed/8.2.0/../../../../riscv-none-embed/lib/rv32imac/ilp32/libg_nano.a(lib_a-findfp.o) (memset)
/home/dragomir/MounRiver_Studio_Community_Linux_x64_V170/MRS_Community/toolchain/RISC-V Embedded GCC/bin/../lib/gcc/riscv-none-embed/8.2.0/../../../../riscv-none-embed/lib/rv32imac/ilp32/libg_nano.a(lib_a-nano-freer.o)
                              /home/dragomir/MounRiver_Studio_Community_Linux_x64_V170/MRS_Community/toolchain/RISC-V Embedded GCC/bin/../lib/gcc/riscv-none-embed/8.2.0/../../../../riscv-none-embed/lib/rv32imac/ilp32/libg_nano.a(lib_a-wsetup.o) (_free_r)
[...]
Memory Configuration

Name             Origin             Length             Attributes
FLASH            0x0000000000000000 0x0000000000010000 xr
RAM              0x0000000020000000 0x0000000000005000 xrw
*default*        0x0000000000000000 0xffffffffffffffff

Linker script and memory map

LOAD ./user_libs/ch32v203_core.o
LOAD ./user_libs/ch32v203_dma.o
LOAD ./user_libs/ch32v203_gpio.o
LOAD ./user_libs/ch32v203_rcc.o
LOAD ./user_libs/ch32v203_spi.o
LOAD ./user_libs/ch32v203_timer.o
LOAD ./user_libs/ch32v203_usbd.o
LOAD ./user_libs/ch32v203_usbd_cdc.o
LOAD ./User/main.o
LOAD ./Startup/startup_ch32v20x_D6.o
LOAD ./Debug/debug.o
LOAD /home/dragomir/MounRiver_Studio_Community_Linux_x64_V170/MRS_Community/toolchain/RISC-V Embedded GCC/bin/../lib/gcc/riscv-none-embed/8.2.0/rv32imac/ilp32/libgcc.a
LOAD /home/dragomir/MounRiver_Studio_Community_Linux_x64_V170/MRS_Community/toolchain/RISC-V Embedded GCC/bin/../lib/gcc/riscv-none-embed/8.2.0/../../../../riscv-none-embed/lib/rv32imac/ilp32/libg_nano.a
LOAD /home/dragomir/MounRiver_Studio_Community_Linux_x64_V170/MRS_Community/toolchain/RISC-V Embedded GCC/bin/../lib/gcc/riscv-none-embed/8.2.0/../../../../riscv-none-embed/lib/rv32imac/ilp32/libc_nano.a
LOAD /home/dragomir/MounRiver_Studio_Community_Linux_x64_V170/MRS_Community/toolchain/RISC-V Embedded GCC/bin/../lib/gcc/riscv-none-embed/8.2.0/rv32imac/ilp32/libgcc.a
START GROUP
LOAD /home/dragomir/MounRiver_Studio_Community_Linux_x64_V170/MRS_Community/toolchain/RISC-V Embedded GCC/bin/../lib/gcc/riscv-none-embed/8.2.0/rv32imac/ilp32/libgcc.a
LOAD /home/dragomir/MounRiver_Studio_Community_Linux_x64_V170/MRS_Community/toolchain/RISC-V Embedded GCC/bin/../lib/gcc/riscv-none-embed/8.2.0/../../../../riscv-none-embed/lib/rv32imac/ilp32/libc_nano.a
LOAD /home/dragomir/MounRiver_Studio_Community_Linux_x64_V170/MRS_Community/toolchain/RISC-V Embedded GCC/bin/../lib/gcc/riscv-none-embed/8.2.0/../../../../riscv-none-embed/lib/rv32imac/ilp32/libnosys.a
END GROUP
START GROUP
LOAD /home/dragomir/MounRiver_Studio_Community_Linux_x64_V170/MRS_Community/toolchain/RISC-V Embedded GCC/bin/../lib/gcc/riscv-none-embed/8.2.0/rv32imac/ilp32/libgcc.a
LOAD /home/dragomir/MounRiver_Studio_Community_Linux_x64_V170/MRS_Community/toolchain/RISC-V Embedded GCC/bin/../lib/gcc/riscv-none-embed/8.2.0/../../../../riscv-none-embed/lib/rv32imac/ilp32/libc_nano.a
LOAD /home/dragomir/MounRiver_Studio_Community_Linux_x64_V170/MRS_Community/toolchain/RISC-V Embedded GCC/bin/../lib/gcc/riscv-none-embed/8.2.0/../../../../riscv-none-embed/lib/rv32imac/ilp32/libnosys.a
END GROUP
                0x0000000000000800                __stack_size = 0x800
                [!provide]                        PROVIDE (_stack_size = __stack_size)

.init           0x0000000000000000        0x4
                0x0000000000000000                _sinit = .
                0x0000000000000000                . = ALIGN (0x4)
 *(SORT_NONE(.init))
 .init          0x0000000000000000        0x4 ./Startup/startup_ch32v20x_D6.o
                0x0000000000000000                _start
                0x0000000000000004                . = ALIGN (0x4)
                0x0000000000000004                _einit = .

.vector         0x0000000000000004       0xfc
 *(.vector)
 .vector        0x0000000000000004       0xfc ./Startup/startup_ch32v20x_D6.o
                0x0000000000000100                . = ALIGN (0x40)

.text           0x0000000000000100     0x3460
                0x0000000000000100                . = ALIGN (0x4)
 *(.text)
 .text          0x0000000000000100       0xa8 /home/dragomir/MounRiver_Studio_Community_Linux_x64_V170/MRS_Community/toolchain/RISC-V Embedded GCC/bin/../lib/gcc/riscv-none-embed/8.2.0/../../../../riscv-none-embed/lib/rv32imac/ilp32/libg_nano.a(lib_a-memset.o)
                0x0000000000000100                memset
 *(.text.*)
 .text.NMI_Handler
                0x00000000000001a8        0x2 ./user_libs/ch32v203_core.o
                0x00000000000001a8                NMI_Handler
 .text.HardFault_Handler
                0x00000000000001aa        0x2 ./user_libs/ch32v203_core.o
                0x00000000000001aa                HardFault_Handler
 .text.core_delay_init
                0x00000000000001ac       0x2c ./user_libs/ch32v203_core.o
                0x00000000000001ac                core_delay_init
 .text.core_delay_us
                0x00000000000001d8       0x36 ./user_libs/ch32v203_core.o
                0x00000000000001d8                core_delay_us
 .text.DMA1_Channel1_IRQHandler
                0x000000000000020e       0x14 ./user_libs/ch32v203_dma.o
                0x000000000000020e                DMA1_Channel1_IRQHandler
 .text.DMA1_Channel2_IRQHandler
                0x0000000000000222       0x16 ./user_libs/ch32v203_dma.o
                0x0000000000000222                DMA1_Channel2_IRQHandler
 .text.DMA1_Channel3_IRQHandler
                0x0000000000000238       0x18 ./user_libs/ch32v203_dma.o
                0x0000000000000238                DMA1_Channel3_IRQHandler
 .text.DMA1_Channel4_IRQHandler
                0x0000000000000250       0x14 ./user_libs/ch32v203_dma.o
                0x0000000000000250                DMA1_Channel4_IRQHandler
 .text.DMA1_Channel5_IRQHandler
                0x0000000000000264       0x16 ./user_libs/ch32v203_dma.o
                0x0000000000000264                DMA1_Channel5_IRQHandler
 .text.DMA1_Channel6_IRQHandler
                0x000000000000027a       0x16 ./user_libs/ch32v203_dma.o
                0x000000000000027a                DMA1_Channel6_IRQHandler
 .text.DMA1_Channel7_IRQHandler
                0x0000000000000290       0x16 ./user_libs/ch32v203_dma.o
                0x0000000000000290                DMA1_Channel7_IRQHandler
 .text.DMA1_Channel8_IRQHandler
                0x00000000000002a6       0x16 ./user_libs/ch32v203_dma.o
                0x00000000000002a6                DMA1_Channel8_IRQHandler
 .text.gpio_set_mode
                0x00000000000002bc       0x66 ./user_libs/ch32v203_gpio.o
                0x00000000000002bc                gpio_set_mode
 .text.rcc_hse_init
                0x0000000000000322       0x4c ./user_libs/ch32v203_rcc.o
                0x0000000000000322                rcc_hse_init
 .text.rcc_init_pll
                0x000000000000036e       0x3c ./user_libs/ch32v203_rcc.o
                0x000000000000036e                rcc_init_pll
 .text.rcc_system_init
                0x00000000000003aa       0xac ./user_libs/ch32v203_rcc.o
                0x00000000000003aa                rcc_system_init
 .text.rcc_compute_sysclk_freq
                0x0000000000000456       0x72 ./user_libs/ch32v203_rcc.o
                0x0000000000000456                rcc_compute_sysclk_freq
 .text.rcc_compute_hclk_freq
                0x00000000000004c8       0x30 ./user_libs/ch32v203_rcc.o
                0x00000000000004c8                rcc_compute_hclk_freq
 .text.rcc_compute_pclk1_freq
                0x00000000000004f8       0x26 ./user_libs/ch32v203_rcc.o
                0x00000000000004f8                rcc_compute_pclk1_freq
 .text.rcc_compute_pclk1_tim_freq
                0x000000000000051e       0x26 ./user_libs/ch32v203_rcc.o
                0x000000000000051e                rcc_compute_pclk1_tim_freq
 .text.rcc_compute_pclk2_freq
                0x0000000000000544       0x2a ./user_libs/ch32v203_rcc.o
                0x0000000000000544                rcc_compute_pclk2_freq
 .text.rcc_compute_pclk2_tim_freq
                0x000000000000056e       0x2a ./user_libs/ch32v203_rcc.o
                0x000000000000056e                rcc_compute_pclk2_tim_freq
 .text.rcc_compute_adcclk
                0x0000000000000598       0x1c ./user_libs/ch32v203_rcc.o
                0x0000000000000598                rcc_compute_adcclk
 .text.spi_init
                0x00000000000005b4       0x2e ./user_libs/ch32v203_spi.o
                0x00000000000005b4                spi_init
 .text.spi_transfer
                0x00000000000005e2       0x12 ./user_libs/ch32v203_spi.o
                0x00000000000005e2                spi_transfer
 .text.TIM1_UP_IRQHandler
                0x00000000000005f4       0x22 ./user_libs/ch32v203_timer.o
                0x00000000000005f4                TIM1_UP_IRQHandler
 .text.TIM2_IRQHandler
                0x0000000000000616       0x1e ./user_libs/ch32v203_timer.o
                0x0000000000000616                TIM2_IRQHandler
 .text.TIM3_IRQHandler
                0x0000000000000634       0x22 ./user_libs/ch32v203_timer.o
                0x0000000000000634                TIM3_IRQHandler
 .text.TIM4_IRQHandler
                0x0000000000000656       0x22 ./user_libs/ch32v203_timer.o
                0x0000000000000656                TIM4_IRQHandler
 .text.timer_init
                0x0000000000000678       0x38 ./user_libs/ch32v203_timer.o
                0x0000000000000678                timer_init
 .text.USB_HP_CAN1_TX_IRQHandler
                0x00000000000006b0       0x72 ./user_libs/ch32v203_usbd.o
                0x00000000000006b0                USB_HP_CAN1_TX_IRQHandler
 .text.USB_LP_CAN1_RX0_IRQHandler
                0x0000000000000722      0x1c4 ./user_libs/ch32v203_usbd.o
                0x0000000000000722                USB_LP_CAN1_RX0_IRQHandler
 .text.USBWakeUp_IRQHandler
                0x00000000000008e6       0x38 ./user_libs/ch32v203_usbd.o
                0x00000000000008e6                USBWakeUp_IRQHandler
 .text.usbd_init
                0x000000000000091e      0x17c ./user_libs/ch32v203_usbd.o
                0x000000000000091e                usbd_init
 .text.usbd_write_to_pma
                0x0000000000000a9a       0x32 ./user_libs/ch32v203_usbd.o
                0x0000000000000a9a                usbd_write_to_pma
 .text.usbd_read_from_pma
                0x0000000000000acc       0x32 ./user_libs/ch32v203_usbd.o
                0x0000000000000acc                usbd_read_from_pma
 .text.usbd_write_bytes_to_pma
                0x0000000000000afe       0xa2 ./user_libs/ch32v203_usbd.o
                0x0000000000000afe                usbd_write_bytes_to_pma
 .text.usbd_read_bytes_from_pma
                0x0000000000000ba0       0x86 ./user_libs/ch32v203_usbd.o
                0x0000000000000ba0                usbd_read_bytes_from_pma
 .text.cdc_on_sof
                0x0000000000000c26      0x124 ./user_libs/ch32v203_usbd_cdc.o
                0x0000000000000c26                cdc_on_sof
 .text.cdc_on_rst
                0x0000000000000d4a       0x7c ./user_libs/ch32v203_usbd_cdc.o
                0x0000000000000d4a                cdc_on_rst
 .text.cdc_on_out
                0x0000000000000dc6      0x110 ./user_libs/ch32v203_usbd_cdc.o
                0x0000000000000dc6                cdc_on_out
 .text.cdc_gen_string_serial
                0x0000000000000ed6       0xc0 ./user_libs/ch32v203_usbd_cdc.o
                0x0000000000000ed6                cdc_gen_string_serial
 .text.cdc_on_in
                0x0000000000000f96      0x134 ./user_libs/ch32v203_usbd_cdc.o
                0x0000000000000f96                cdc_on_in
 .text.cdc_on_setup
                0x00000000000010ca      0x2d8 ./user_libs/ch32v203_usbd_cdc.o
                0x00000000000010ca                cdc_on_setup
 .text.cdc_set_serial_state
                0x00000000000013a2       0x54 ./user_libs/ch32v203_usbd_cdc.o
                0x00000000000013a2                cdc_set_serial_state
 .text.cdc_init
                0x00000000000013f6       0x64 ./user_libs/ch32v203_usbd_cdc.o
                0x00000000000013f6                cdc_init
 .text.cdc_bytes_available
                0x000000000000145a       0x1c ./user_libs/ch32v203_usbd_cdc.o
                0x000000000000145a                cdc_bytes_available
 .text.cdc_peek
                0x0000000000001476       0xdc ./user_libs/ch32v203_usbd_cdc.o
                0x0000000000001476                cdc_peek
 .text.cdc_read_bytes
                0x0000000000001552      0x1de ./user_libs/ch32v203_usbd_cdc.o
                0x0000000000001552                cdc_read_bytes
 .text.cdc_write_bytes
                0x0000000000001730      0x1c4 ./user_libs/ch32v203_usbd_cdc.o
                0x0000000000001730                cdc_write_bytes
 .text.tmc5130_write_reg
                0x00000000000018f4       0x68 ./User/main.o
                0x00000000000018f4                tmc5130_write_reg
 .text.tmc5130_read_reg
                0x000000000000195c       0xaa ./User/main.o
                0x000000000000195c                tmc5130_read_reg
 .text.on_rtmi_int
                0x0000000000001a06      0x122 ./User/main.o
                0x0000000000001a06                on_rtmi_int
 .text.fw_write_pin_data
                0x0000000000001b28       0x56 ./User/main.o
                0x0000000000001b28                fw_write_pin_data
 .text.fw_read_pin_data
                0x0000000000001b7e       0x3a ./User/main.o
                0x0000000000001b7e                fw_read_pin_data
 .text.fw_pin_set
                0x0000000000001bb8       0x36 ./User/main.o
                0x0000000000001bb8                fw_pin_set
 .text.fw_pin_clear
                0x0000000000001bee       0x36 ./User/main.o
                0x0000000000001bee                fw_pin_clear
 .text.fw_write_rtmi_control
                0x0000000000001c24       0x20 ./User/main.o
                0x0000000000001c24                fw_write_rtmi_control
 .text.startup.main
                0x0000000000001c44      0x38c ./User/main.o
                0x0000000000001c44                main
 .text.vector_handler
                0x0000000000001fd0        0x2 ./Startup/startup_ch32v20x_D6.o
                0x0000000000001fd0                EXTI2_IRQHandler
                0x0000000000001fd0                TIM1_CC_IRQHandler
                0x0000000000001fd0                SysTick_Handler
                0x0000000000001fd0                PVD_IRQHandler
                0x0000000000001fd0                EXTI3_IRQHandler
                0x0000000000001fd0                USBFS_IRQHandler
                0x0000000000001fd0                EXTI0_IRQHandler
                0x0000000000001fd0                I2C2_EV_IRQHandler
                0x0000000000001fd0                ADC1_2_IRQHandler
                0x0000000000001fd0                Break_Point_Handler
                0x0000000000001fd0                SPI1_IRQHandler
                0x0000000000001fd0                TAMPER_IRQHandler
                0x0000000000001fd0                Ecall_M_Mode_Handler
                0x0000000000001fd0                USART3_IRQHandler
                0x0000000000001fd0                RTC_IRQHandler
                0x0000000000001fd0                CAN1_RX1_IRQHandler
                0x0000000000001fd0                I2C1_EV_IRQHandler
                0x0000000000001fd0                UART4_IRQHandler
                0x0000000000001fd0                RCC_IRQHandler
                0x0000000000001fd0                TIM1_TRG_COM_IRQHandler
                0x0000000000001fd0                EXTI15_10_IRQHandler
                0x0000000000001fd0                EXTI9_5_IRQHandler
                0x0000000000001fd0                SPI2_IRQHandler
                0x0000000000001fd0                EXTI4_IRQHandler
                0x0000000000001fd0                WWDG_IRQHandler
                0x0000000000001fd0                Ecall_U_Mode_Handler
                0x0000000000001fd0                SW_Handler
                0x0000000000001fd0                TIM1_BRK_IRQHandler
                0x0000000000001fd0                EXTI1_IRQHandler
                0x0000000000001fd0                RTCAlarm_IRQHandler
                0x0000000000001fd0                USART2_IRQHandler
                0x0000000000001fd0                I2C2_ER_IRQHandler
                0x0000000000001fd0                CAN1_SCE_IRQHandler
                0x0000000000001fd0                FLASH_IRQHandler
                0x0000000000001fd0                USBFSWakeUp_IRQHandler
                0x0000000000001fd0                USART1_IRQHandler
                0x0000000000001fd0                I2C1_ER_IRQHandler
 .text.handle_reset
                0x0000000000001fd2       0x86 ./Startup/startup_ch32v20x_D6.o
                0x0000000000001fd2                handle_reset
 .text._write   0x0000000000002058       0x1c ./Debug/debug.o
                0x0000000000002058                _write
 .text._sbrk    0x0000000000002074       0x26 ./Debug/debug.o
                0x0000000000002074                _sbrk
 .text.printf   0x000000000000209a       0x40 /home/dragomir/MounRiver_Studio_Community_Linux_x64_V170/MRS_Community/toolchain/RISC-V Embedded GCC/bin/../lib/gcc/riscv-none-embed/8.2.0/../../../../riscv-none-embed/lib/rv32imac/ilp32/libg_nano.a(lib_a-printf.o)
                0x000000000000209a                printf
                0x000000000000209a                iprintf
 .text._puts_r  0x00000000000020da       0xda /home/dragomir/MounRiver_Studio_Community_Linux_x64_V170/MRS_Community/toolchain/RISC-V Embedded GCC/bin/../lib/gcc/riscv-none-embed/8.2.0/../../../../riscv-none-embed/lib/rv32imac/ilp32/libg_nano.a(lib_a-puts.o)
                0x00000000000020da                _puts_r
 .text.puts     0x00000000000021b4        0xa /home/dragomir/MounRiver_Studio_Community_Linux_x64_V170/MRS_Community/toolchain/RISC-V Embedded GCC/bin/../lib/gcc/riscv-none-embed/8.2.0/../../../../riscv-none-embed/lib/rv32imac/ilp32/libg_nano.a(lib_a-puts.o)
                0x00000000000021b4                puts
 .text.__swbuf_r
                0x00000000000021be       0xc0 /home/dragomir/MounRiver_Studio_Community_Linux_x64_V170/MRS_Community/toolchain/RISC-V Embedded GCC/bin/../lib/gcc/riscv-none-embed/8.2.0/../../../../riscv-none-embed/lib/rv32imac/ilp32/libg_nano.a(lib_a-wbuf.o)
                0x00000000000021be                __swbuf_r
 .text.__swsetup_r
                0x000000000000227e      0x10c /home/dragomir/MounRiver_Studio_Community_Linux_x64_V170/MRS_Community/toolchain/RISC-V Embedded GCC/bin/../lib/gcc/riscv-none-embed/8.2.0/../../../../riscv-none-embed/lib/rv32imac/ilp32/libg_nano.a(lib_a-wsetup.o)
                0x000000000000227e                __swsetup_r
 .text.__sflush_r
                0x000000000000238a      0x13c /home/dragomir/MounRiver_Studio_Community_Linux_x64_V170/MRS_Community/toolchain/RISC-V Embedded GCC/bin/../lib/gcc/riscv-none-embed/8.2.0/../../../../riscv-none-embed/lib/rv32imac/ilp32/libg_nano.a(lib_a-fflush.o)
                0x000000000000238a                __sflush_r
 .text._fflush_r
                0x00000000000024c6       0x64 /home/dragomir/MounRiver_Studio_Community_Linux_x64_V170/MRS_Community/toolchain/RISC-V Embedded GCC/bin/../lib/gcc/riscv-none-embed/8.2.0/../../../../riscv-none-embed/lib/rv32imac/ilp32/libg_nano.a(lib_a-fflush.o)
                0x00000000000024c6                _fflush_r
 .text.std      0x000000000000252a       0x6a /home/dragomir/MounRiver_Studio_Community_Linux_x64_V170/MRS_Community/toolchain/RISC-V Embedded GCC/bin/../lib/gcc/riscv-none-embed/8.2.0/../../../../riscv-none-embed/lib/rv32imac/ilp32/libg_nano.a(lib_a-findfp.o)
 .text._cleanup_r
                0x0000000000002594        0xa /home/dragomir/MounRiver_Studio_Community_Linux_x64_V170/MRS_Community/toolchain/RISC-V Embedded GCC/bin/../lib/gcc/riscv-none-embed/8.2.0/../../../../riscv-none-embed/lib/rv32imac/ilp32/libg_nano.a(lib_a-findfp.o)
                0x0000000000002594                _cleanup_r
 .text.__sfmoreglue
                0x000000000000259e       0x46 /home/dragomir/MounRiver_Studio_Community_Linux_x64_V170/MRS_Community/toolchain/RISC-V Embedded GCC/bin/../lib/gcc/riscv-none-embed/8.2.0/../../../../riscv-none-embed/lib/rv32imac/ilp32/libg_nano.a(lib_a-findfp.o)
                0x000000000000259e                __sfmoreglue
 .text.__sinit  0x00000000000025e4       0x66 /home/dragomir/MounRiver_Studio_Community_Linux_x64_V170/MRS_Community/toolchain/RISC-V Embedded GCC/bin/../lib/gcc/riscv-none-embed/8.2.0/../../../../riscv-none-embed/lib/rv32imac/ilp32/libg_nano.a(lib_a-findfp.o)
                0x00000000000025e4                __sinit
 .text.__sfp    0x000000000000264a       0x9c /home/dragomir/MounRiver_Studio_Community_Linux_x64_V170/MRS_Community/toolchain/RISC-V Embedded GCC/bin/../lib/gcc/riscv-none-embed/8.2.0/../../../../riscv-none-embed/lib/rv32imac/ilp32/libg_nano.a(lib_a-findfp.o)
                0x000000000000264a                __sfp
 .text._fwalk_reent
                0x00000000000026e6       0x6c /home/dragomir/MounRiver_Studio_Community_Linux_x64_V170/MRS_Community/toolchain/RISC-V Embedded GCC/bin/../lib/gcc/riscv-none-embed/8.2.0/../../../../riscv-none-embed/lib/rv32imac/ilp32/libg_nano.a(lib_a-fwalk.o)
                0x00000000000026e6                _fwalk_reent
 .text.__swhatbuf_r
                0x0000000000002752       0x5a /home/dragomir/MounRiver_Studio_Community_Linux_x64_V170/MRS_Community/toolchain/RISC-V Embedded GCC/bin/../lib/gcc/riscv-none-embed/8.2.0/../../../../riscv-none-embed/lib/rv32imac/ilp32/libg_nano.a(lib_a-makebuf.o)
                0x0000000000002752                __swhatbuf_r
 .text.__smakebuf_r
                0x00000000000027ac       0x9e /home/dragomir/MounRiver_Studio_Community_Linux_x64_V170/MRS_Community/toolchain/RISC-V Embedded GCC/bin/../lib/gcc/riscv-none-embed/8.2.0/../../../../riscv-none-embed/lib/rv32imac/ilp32/libg_nano.a(lib_a-makebuf.o)
                0x00000000000027ac                __smakebuf_r
 .text._free_r  0x000000000000284a       0xa8 /home/dragomir/MounRiver_Studio_Community_Linux_x64_V170/MRS_Community/toolchain/RISC-V Embedded GCC/bin/../lib/gcc/riscv-none-embed/8.2.0/../../../../riscv-none-embed/lib/rv32imac/ilp32/libg_nano.a(lib_a-nano-freer.o)
                0x000000000000284a                _free_r
 .text._malloc_r
                0x00000000000028f2       0xd4 /home/dragomir/MounRiver_Studio_Community_Linux_x64_V170/MRS_Community/toolchain/RISC-V Embedded GCC/bin/../lib/gcc/riscv-none-embed/8.2.0/../../../../riscv-none-embed/lib/rv32imac/ilp32/libg_nano.a(lib_a-nano-mallocr.o)
                0x00000000000028f2                _malloc_r
 .text.__sfputc_r
                0x00000000000029c6       0x2a /home/dragomir/MounRiver_Studio_Community_Linux_x64_V170/MRS_Community/toolchain/RISC-V Embedded GCC/bin/../lib/gcc/riscv-none-embed/8.2.0/../../../../riscv-none-embed/lib/rv32imac/ilp32/libg_nano.a(lib_a-nano-vfprintf.o)
 .text.__sfputs_r
                0x00000000000029f0       0x42 /home/dragomir/MounRiver_Studio_Community_Linux_x64_V170/MRS_Community/toolchain/RISC-V Embedded GCC/bin/../lib/gcc/riscv-none-embed/8.2.0/../../../../riscv-none-embed/lib/rv32imac/ilp32/libg_nano.a(lib_a-nano-vfprintf.o)
                0x00000000000029f0                __sfputs_r
 .text._vfprintf_r
                0x0000000000002a32      0x29a /home/dragomir/MounRiver_Studio_Community_Linux_x64_V170/MRS_Community/toolchain/RISC-V Embedded GCC/bin/../lib/gcc/riscv-none-embed/8.2.0/../../../../riscv-none-embed/lib/rv32imac/ilp32/libg_nano.a(lib_a-nano-vfprintf.o)
                0x0000000000002a32                _vfiprintf_r
                0x0000000000002a32                _vfprintf_r
 .text._printf_common
                0x0000000000002ccc      0x10c /home/dragomir/MounRiver_Studio_Community_Linux_x64_V170/MRS_Community/toolchain/RISC-V Embedded GCC/bin/../lib/gcc/riscv-none-embed/8.2.0/../../../../riscv-none-embed/lib/rv32imac/ilp32/libg_nano.a(lib_a-nano-vfprintf_i.o)
                0x0000000000002ccc                _printf_common
 .text._printf_i
                0x0000000000002dd8      0x2a8 /home/dragomir/MounRiver_Studio_Community_Linux_x64_V170/MRS_Community/toolchain/RISC-V Embedded GCC/bin/../lib/gcc/riscv-none-embed/8.2.0/../../../../riscv-none-embed/lib/rv32imac/ilp32/libg_nano.a(lib_a-nano-vfprintf_i.o)
                0x0000000000002dd8                _printf_i
 .text._sbrk_r  0x0000000000003080       0x2a /home/dragomir/MounRiver_Studio_Community_Linux_x64_V170/MRS_Community/toolchain/RISC-V Embedded GCC/bin/../lib/gcc/riscv-none-embed/8.2.0/../../../../riscv-none-embed/lib/rv32imac/ilp32/libg_nano.a(lib_a-sbrkr.o)
                0x0000000000003080                _sbrk_r
 .text.__sread  0x00000000000030aa       0x30 /home/dragomir/MounRiver_Studio_Community_Linux_x64_V170/MRS_Community/toolchain/RISC-V Embedded GCC/bin/../lib/gcc/riscv-none-embed/8.2.0/../../../../riscv-none-embed/lib/rv32imac/ilp32/libg_nano.a(lib_a-stdio.o)
                0x00000000000030aa                __sread
 .text.__swrite
                0x00000000000030da       0x4e /home/dragomir/MounRiver_Studio_Community_Linux_x64_V170/MRS_Community/toolchain/RISC-V Embedded GCC/bin/../lib/gcc/riscv-none-embed/8.2.0/../../../../riscv-none-embed/lib/rv32imac/ilp32/libg_nano.a(lib_a-stdio.o)
                0x00000000000030da                __swrite
 .text.__sseek  0x0000000000003128       0x36 /home/dragomir/MounRiver_Studio_Community_Linux_x64_V170/MRS_Community/toolchain/RISC-V Embedded GCC/bin/../lib/gcc/riscv-none-embed/8.2.0/../../../../riscv-none-embed/lib/rv32imac/ilp32/libg_nano.a(lib_a-stdio.o)
                0x0000000000003128                __sseek
 .text.__sclose
                0x000000000000315e        0x6 /home/dragomir/MounRiver_Studio_Community_Linux_x64_V170/MRS_Community/toolchain/RISC-V Embedded GCC/bin/../lib/gcc/riscv-none-embed/8.2.0/../../../../riscv-none-embed/lib/rv32imac/ilp32/libg_nano.a(lib_a-stdio.o)
                0x000000000000315e                __sclose
 .text._write_r
                0x0000000000003164       0x2e /home/dragomir/MounRiver_Studio_Community_Linux_x64_V170/MRS_Community/toolchain/RISC-V Embedded GCC/bin/../lib/gcc/riscv-none-embed/8.2.0/../../../../riscv-none-embed/lib/rv32imac/ilp32/libg_nano.a(lib_a-writer.o)
                0x0000000000003164                _write_r
 .text._close_r
                0x0000000000003192       0x28 /home/dragomir/MounRiver_Studio_Community_Linux_x64_V170/MRS_Community/toolchain/RISC-V Embedded GCC/bin/../lib/gcc/riscv-none-embed/8.2.0/../../../../riscv-none-embed/lib/rv32imac/ilp32/libg_nano.a(lib_a-closer.o)
                0x0000000000003192                _close_r
 .text._fstat_r
                0x00000000000031ba       0x2a /home/dragomir/MounRiver_Studio_Community_Linux_x64_V170/MRS_Community/toolchain/RISC-V Embedded GCC/bin/../lib/gcc/riscv-none-embed/8.2.0/../../../../riscv-none-embed/lib/rv32imac/ilp32/libg_nano.a(lib_a-fstatr.o)
                0x00000000000031ba                _fstat_r
 .text._isatty_r
                0x00000000000031e4       0x28 /home/dragomir/MounRiver_Studio_Community_Linux_x64_V170/MRS_Community/toolchain/RISC-V Embedded GCC/bin/../lib/gcc/riscv-none-embed/8.2.0/../../../../riscv-none-embed/lib/rv32imac/ilp32/libg_nano.a(lib_a-isattyr.o)
                0x00000000000031e4                _isatty_r
 .text._lseek_r
                0x000000000000320c       0x2c /home/dragomir/MounRiver_Studio_Community_Linux_x64_V170/MRS_Community/toolchain/RISC-V Embedded GCC/bin/../lib/gcc/riscv-none-embed/8.2.0/../../../../riscv-none-embed/lib/rv32imac/ilp32/libg_nano.a(lib_a-lseekr.o)
                0x000000000000320c                _lseek_r
 .text.memchr   0x0000000000003238       0x1a /home/dragomir/MounRiver_Studio_Community_Linux_x64_V170/MRS_Community/toolchain/RISC-V Embedded GCC/bin/../lib/gcc/riscv-none-embed/8.2.0/../../../../riscv-none-embed/lib/rv32imac/ilp32/libg_nano.a(lib_a-memchr.o)
                0x0000000000003238                memchr
 .text.__malloc_lock
                0x0000000000003252        0x2 /home/dragomir/MounRiver_Studio_Community_Linux_x64_V170/MRS_Community/toolchain/RISC-V Embedded GCC/bin/../lib/gcc/riscv-none-embed/8.2.0/../../../../riscv-none-embed/lib/rv32imac/ilp32/libg_nano.a(lib_a-mlock.o)
                0x0000000000003252                __malloc_lock
 .text.__malloc_unlock
                0x0000000000003254        0x2 /home/dragomir/MounRiver_Studio_Community_Linux_x64_V170/MRS_Community/toolchain/RISC-V Embedded GCC/bin/../lib/gcc/riscv-none-embed/8.2.0/../../../../riscv-none-embed/lib/rv32imac/ilp32/libg_nano.a(lib_a-mlock.o)
                0x0000000000003254                __malloc_unlock
 .text._read_r  0x0000000000003256       0x2c /home/dragomir/MounRiver_Studio_Community_Linux_x64_V170/MRS_Community/toolchain/RISC-V Embedded GCC/bin/../lib/gcc/riscv-none-embed/8.2.0/../../../../riscv-none-embed/lib/rv32imac/ilp32/libg_nano.a(lib_a-readr.o)
                0x0000000000003256                _read_r
 .text._close   0x0000000000003282        0xc /home/dragomir/MounRiver_Studio_Community_Linux_x64_V170/MRS_Community/toolchain/RISC-V Embedded GCC/bin/../lib/gcc/riscv-none-embed/8.2.0/../../../../riscv-none-embed/lib/rv32imac/ilp32/libnosys.a(close.o)
                0x0000000000003282                _close
 .text._fstat   0x000000000000328e        0xc /home/dragomir/MounRiver_Studio_Community_Linux_x64_V170/MRS_Community/toolchain/RISC-V Embedded GCC/bin/../lib/gcc/riscv-none-embed/8.2.0/../../../../riscv-none-embed/lib/rv32imac/ilp32/libnosys.a(fstat.o)
                0x000000000000328e                _fstat
 .text._isatty  0x000000000000329a        0xc /home/dragomir/MounRiver_Studio_Community_Linux_x64_V170/MRS_Community/toolchain/RISC-V Embedded GCC/bin/../lib/gcc/riscv-none-embed/8.2.0/../../../../riscv-none-embed/lib/rv32imac/ilp32/libnosys.a(isatty.o)
                0x000000000000329a                _isatty
 .text._lseek   0x00000000000032a6        0xc /home/dragomir/MounRiver_Studio_Community_Linux_x64_V170/MRS_Community/toolchain/RISC-V Embedded GCC/bin/../lib/gcc/riscv-none-embed/8.2.0/../../../../riscv-none-embed/lib/rv32imac/ilp32/libnosys.a(lseek.o)
                0x00000000000032a6                _lseek
 .text._read    0x00000000000032b2        0xc /home/dragomir/MounRiver_Studio_Community_Linux_x64_V170/MRS_Community/toolchain/RISC-V Embedded GCC/bin/../lib/gcc/riscv-none-embed/8.2.0/../../../../riscv-none-embed/lib/rv32imac/ilp32/libnosys.a(read.o)
                0x00000000000032b2                _read
 *(.rodata)
 *(.rodata*)
 *fill*         0x00000000000032be        0x2 
 .rodata.cdc_on_setup
                0x00000000000032c0       0x40 ./user_libs/ch32v203_usbd_cdc.o
 .rodata.cdc_config_descriptor
                0x0000000000003300       0x43 ./user_libs/ch32v203_usbd_cdc.o
 *fill*         0x0000000000003343        0x1 
 .rodata.cdc_device_descriptor
                0x0000000000003344       0x12 ./user_libs/ch32v203_usbd_cdc.o
 .rodata.cdc_serial_state
                0x0000000000003356        0xa ./user_libs/ch32v203_usbd_cdc.o
 .rodata.cdc_string_product
                0x0000000000003360       0x16 ./user_libs/ch32v203_usbd_cdc.o
 .rodata.cdc_string_vendor
                0x0000000000003376        0xe ./user_libs/ch32v203_usbd_cdc.o
 .rodata.usbd_config
                0x0000000000003384       0x32 ./user_libs/ch32v203_usbd_cdc.o
 *fill*         0x00000000000033b6        0x2 
 .rodata.on_rtmi_int
                0x00000000000033b8       0x1c ./User/main.o
 .rodata.main   0x00000000000033d4       0x80 ./User/main.o
 .rodata.main.str1.4
                0x0000000000003454       0x70 ./User/main.o
 .rodata.__sf_fake_stderr
                0x00000000000034c4       0x20 /home/dragomir/MounRiver_Studio_Community_Linux_x64_V170/MRS_Community/toolchain/RISC-V Embedded GCC/bin/../lib/gcc/riscv-none-embed/8.2.0/../../../../riscv-none-embed/lib/rv32imac/ilp32/libg_nano.a(lib_a-findfp.o)
                0x00000000000034c4                __sf_fake_stderr
 .rodata.__sf_fake_stdin
                0x00000000000034e4       0x20 /home/dragomir/MounRiver_Studio_Community_Linux_x64_V170/MRS_Community/toolchain/RISC-V Embedded GCC/bin/../lib/gcc/riscv-none-embed/8.2.0/../../../../riscv-none-embed/lib/rv32imac/ilp32/libg_nano.a(lib_a-findfp.o)
                0x00000000000034e4                __sf_fake_stdin
 .rodata.__sf_fake_stdout
                0x0000000000003504       0x20 /home/dragomir/MounRiver_Studio_Community_Linux_x64_V170/MRS_Community/toolchain/RISC-V Embedded GCC/bin/../lib/gcc/riscv-none-embed/8.2.0/../../../../riscv-none-embed/lib/rv32imac/ilp32/libg_nano.a(lib_a-findfp.o)
                0x0000000000003504                __sf_fake_stdout
 .rodata._vfprintf_r.str1.4
                0x0000000000003524       0x13 /home/dragomir/MounRiver_Studio_Community_Linux_x64_V170/MRS_Community/toolchain/RISC-V Embedded GCC/bin/../lib/gcc/riscv-none-embed/8.2.0/../../../../riscv-none-embed/lib/rv32imac/ilp32/libg_nano.a(lib_a-nano-vfprintf.o)
 *fill*         0x0000000000003537        0x1 
 .rodata._printf_i.str1.4
                0x0000000000003538       0x28 /home/dragomir/MounRiver_Studio_Community_Linux_x64_V170/MRS_Community/toolchain/RISC-V Embedded GCC/bin/../lib/gcc/riscv-none-embed/8.2.0/../../../../riscv-none-embed/lib/rv32imac/ilp32/libg_nano.a(lib_a-nano-vfprintf_i.o)
                                         0x25 (size before relaxing)
 *(.gnu.linkonce.t.*)
                0x0000000000003560                . = ALIGN (0x4)

.rela.dyn       0x0000000000003560        0x0
 .rela.text.USB_LP_CAN1_RX0_IRQHandler
                0x0000000000003560        0x0 ./user_libs/ch32v203_core.o
 .rela.text.usbd_init
                0x0000000000003560        0x0 ./user_libs/ch32v203_core.o
 .rela.text.cdc_on_sof
                0x0000000000003560        0x0 ./user_libs/ch32v203_core.o
 .rela.text.cdc_on_rst
                0x0000000000003560        0x0 ./user_libs/ch32v203_core.o
 .rela.text.cdc_on_out
                0x0000000000003560        0x0 ./user_libs/ch32v203_core.o
 .rela.text.cdc_gen_string_serial
                0x0000000000003560        0x0 ./user_libs/ch32v203_core.o
 .rela.text.cdc_on_in
                0x0000000000003560        0x0 ./user_libs/ch32v203_core.o
 .rela.text.cdc_on_setup
                0x0000000000003560        0x0 ./user_libs/ch32v203_core.o
 .rela.text.cdc_init
                0x0000000000003560        0x0 ./user_libs/ch32v203_core.o
 .rela.text.cdc_bytes_available
                0x0000000000003560        0x0 ./user_libs/ch32v203_core.o
 .rela.text.cdc_peek
                0x0000000000003560        0x0 ./user_libs/ch32v203_core.o
 .rela.text.cdc_read_bytes
                0x0000000000003560        0x0 ./user_libs/ch32v203_core.o
 .rela.text.cdc_write_bytes
                0x0000000000003560        0x0 ./user_libs/ch32v203_core.o
 .rela.text.on_rtmi_int
                0x0000000000003560        0x0 ./user_libs/ch32v203_core.o
 .rela.text.startup.main
                0x0000000000003560        0x0 ./user_libs/ch32v203_core.o
 .rela.init     0x0000000000003560        0x0 ./user_libs/ch32v203_core.o
 .rela.vector   0x0000000000003560        0x0 ./user_libs/ch32v203_core.o
 .rela.text.handle_reset
                0x0000000000003560        0x0 ./user_libs/ch32v203_core.o
 .rela.text._sbrk
                0x0000000000003560        0x0 ./user_libs/ch32v203_core.o
 .rela.sdata.curbrk.3291
                0x0000000000003560        0x0 ./user_libs/ch32v203_core.o
 .rela.text._vfprintf_r
                0x0000000000003560        0x0 ./user_libs/ch32v203_core.o
 .rela.text._sbrk_r
                0x0000000000003560        0x0 ./user_libs/ch32v203_core.o
 .rela.text._write_r
                0x0000000000003560        0x0 ./user_libs/ch32v203_core.o
 .rela.text._close_r
                0x0000000000003560        0x0 ./user_libs/ch32v203_core.o
 .rela.text._fstat_r
                0x0000000000003560        0x0 ./user_libs/ch32v203_core.o
 .rela.text._isatty_r
                0x0000000000003560        0x0 ./user_libs/ch32v203_core.o
 .rela.text._lseek_r
                0x0000000000003560        0x0 ./user_libs/ch32v203_core.o
 .rela.text._read_r
                0x0000000000003560        0x0 ./user_libs/ch32v203_core.o
 .rela.text._close
                0x0000000000003560        0x0 ./user_libs/ch32v203_core.o
 .rela.text._fstat
                0x0000000000003560        0x0 ./user_libs/ch32v203_core.o
 .rela.text._isatty
                0x0000000000003560        0x0 ./user_libs/ch32v203_core.o
 .rela.text._lseek
                0x0000000000003560        0x0 ./user_libs/ch32v203_core.o
 .rela.text._read
                0x0000000000003560        0x0 ./user_libs/ch32v203_core.o

.fini           0x0000000000003560        0x0
 *(SORT_NONE(.fini))
                0x0000000000003560                . = ALIGN (0x4)
                [!provide]                        PROVIDE (_etext = .)
                [!provide]                        PROVIDE (_eitcm = .)

.preinit_array  0x0000000000003560        0x0
                [!provide]                        PROVIDE (__preinit_array_start = .)
 *(.preinit_array)
                [!provide]                        PROVIDE (__preinit_array_end = .)

.init_array     0x0000000000003560        0x0
                [!provide]                        PROVIDE (__init_array_start = .)
 *(SORT_BY_INIT_PRIORITY(.init_array.*) SORT_BY_INIT_PRIORITY(.ctors.*))
 *(.init_array EXCLUDE_FILE(*crtend?.o *crtend.o *crtbegin?.o *crtbegin.o) .ctors)
                [!provide]                        PROVIDE (__init_array_end = .)

.fini_array     0x0000000000003560        0x0
                [!provide]                        PROVIDE (__fini_array_start = .)
 *(SORT_BY_INIT_PRIORITY(.fini_array.*) SORT_BY_INIT_PRIORITY(.dtors.*))
 *(.fini_array EXCLUDE_FILE(*crtend?.o *crtend.o *crtbegin?.o *crtbegin.o) .dtors)
                [!provide]                        PROVIDE (__fini_array_end = .)

.ctors
 *crtbegin.o(.ctors)
 *crtbegin?.o(.ctors)
 *(EXCLUDE_FILE(*crtend?.o *crtend.o) .ctors)
 *(SORT_BY_NAME(.ctors.*))
 *(.ctors)

.dtors
 *crtbegin.o(.dtors)
 *crtbegin?.o(.dtors)
 *(EXCLUDE_FILE(*crtend?.o *crtend.o) .dtors)
 *(SORT_BY_NAME(.dtors.*))
 *(.dtors)

.dalign         0x0000000020000000        0x0 load address 0x0000000000003560
                0x0000000020000000                . = ALIGN (0x4)
                0x0000000020000000                PROVIDE (_data_vma = .)

.dlalign        0x0000000000003560        0x0
                0x0000000000003560                . = ALIGN (0x4)
                0x0000000000003560                PROVIDE (_data_lma = .)

.data           0x0000000020000000       0x80 load address 0x0000000000003560
 *(.gnu.linkonce.r.*)
 *(.data .data.*)
 .data.impure_data
                0x0000000020000000       0x60 /home/dragomir/MounRiver_Studio_Community_Linux_x64_V170/MRS_Community/toolchain/RISC-V Embedded GCC/bin/../lib/gcc/riscv-none-embed/8.2.0/../../../../riscv-none-embed/lib/rv32imac/ilp32/libg_nano.a(lib_a-impure.o)
 *(.gnu.linkonce.d.*)
                0x0000000020000060                . = ALIGN (0x8)
                0x0000000020000860                PROVIDE (__global_pointer$ = (. + 0x800))
 *(.sdata .sdata.*)
 .sdata.cdc_line_coding
                0x0000000020000060        0x8 ./user_libs/ch32v203_usbd_cdc.o
                0x0000000020000060                cdc_line_coding
 .sdata.curbrk.3291
                0x0000000020000068        0x4 ./Debug/debug.o
 .sdata._impure_ptr
                0x000000002000006c        0x4 /home/dragomir/MounRiver_Studio_Community_Linux_x64_V170/MRS_Community/toolchain/RISC-V Embedded GCC/bin/../lib/gcc/riscv-none-embed/8.2.0/../../../../riscv-none-embed/lib/rv32imac/ilp32/libg_nano.a(lib_a-impure.o)
                0x000000002000006c                _impure_ptr
 *(.sdata2.*)
 .sdata2.cdc_string_lang_id
                0x0000000020000070        0x4 ./user_libs/ch32v203_usbd_cdc.o
 .sdata2.cdc_string_serial
                0x0000000020000074        0x2 ./user_libs/ch32v203_usbd_cdc.o
 *fill*         0x0000000020000076        0x2 
 .sdata2._global_impure_ptr
                0x0000000020000078        0x4 /home/dragomir/MounRiver_Studio_Community_Linux_x64_V170/MRS_Community/toolchain/RISC-V Embedded GCC/bin/../lib/gcc/riscv-none-embed/8.2.0/../../../../riscv-none-embed/lib/rv32imac/ilp32/libg_nano.a(lib_a-impure.o)
                0x0000000020000078                _global_impure_ptr
 *(.gnu.linkonce.s.*)
                0x0000000020000080                . = ALIGN (0x8)
 *fill*         0x000000002000007c        0x4 
 *(.srodata.cst16)
 *(.srodata.cst8)
 *(.srodata.cst4)
 *(.srodata.cst2)
 *(.srodata .srodata.*)
                0x0000000020000080                . = ALIGN (0x4)
                0x0000000020000080                PROVIDE (_edata = .)

.bss            0x0000000020000080       0xc4 load address 0x00000000000035e0
                0x0000000020000080                . = ALIGN (0x4)
                0x0000000020000080                PROVIDE (_sbss = .)
 *(.sbss*)
 .sbss.p_ms     0x0000000020000080        0x2 ./user_libs/ch32v203_core.o
 .sbss.p_us     0x0000000020000082        0x1 ./user_libs/ch32v203_core.o
 *fill*         0x0000000020000083        0x1 
 .sbss.dma1_channel1_callback
                0x0000000020000084        0x4 ./user_libs/ch32v203_dma.o
                0x0000000020000084                dma1_channel1_callback
 .sbss.dma1_channel2_callback
                0x0000000020000088        0x4 ./user_libs/ch32v203_dma.o
                0x0000000020000088                dma1_channel2_callback
 .sbss.dma1_channel3_callback
                0x000000002000008c        0x4 ./user_libs/ch32v203_dma.o
                0x000000002000008c                dma1_channel3_callback
 .sbss.dma1_channel4_callback
                0x0000000020000090        0x4 ./user_libs/ch32v203_dma.o
                0x0000000020000090                dma1_channel4_callback
 .sbss.dma1_channel5_callback
                0x0000000020000094        0x4 ./user_libs/ch32v203_dma.o
                0x0000000020000094                dma1_channel5_callback
 .sbss.dma1_channel6_callback
                0x0000000020000098        0x4 ./user_libs/ch32v203_dma.o
                0x0000000020000098                dma1_channel6_callback
 .sbss.dma1_channel7_callback
                0x000000002000009c        0x4 ./user_libs/ch32v203_dma.o
                0x000000002000009c                dma1_channel7_callback
 .sbss.dma1_channel8_callback
                0x00000000200000a0        0x4 ./user_libs/ch32v203_dma.o
                0x00000000200000a0                dma1_channel8_callback
 .sbss.timer1_callback
                0x00000000200000a4        0x4 ./user_libs/ch32v203_timer.o
                0x00000000200000a4                timer1_callback
 .sbss.timer1_overflow_count
                0x00000000200000a8        0x4 ./user_libs/ch32v203_timer.o
                0x00000000200000a8                timer1_overflow_count
 .sbss.timer2_callback
                0x00000000200000ac        0x4 ./user_libs/ch32v203_timer.o
                0x00000000200000ac                timer2_callback
 .sbss.timer2_overflow_count
                0x00000000200000b0        0x4 ./user_libs/ch32v203_timer.o
                0x00000000200000b0                timer2_overflow_count
 .sbss.timer3_callback
                0x00000000200000b4        0x4 ./user_libs/ch32v203_timer.o
                0x00000000200000b4                timer3_callback
 .sbss.timer3_overflow_count
                0x00000000200000b8        0x4 ./user_libs/ch32v203_timer.o
                0x00000000200000b8                timer3_overflow_count
 .sbss.timer4_callback
                0x00000000200000bc        0x4 ./user_libs/ch32v203_timer.o
                0x00000000200000bc                timer4_callback
 .sbss.timer4_overflow_count
                0x00000000200000c0        0x4 ./user_libs/ch32v203_timer.o
                0x00000000200000c0                timer4_overflow_count
 .sbss.usbd_esof_callback
                0x00000000200000c4        0x4 ./user_libs/ch32v203_usbd.o
                0x00000000200000c4                usbd_esof_callback
 .sbss.usbd_in_callback
                0x00000000200000c8        0x4 ./user_libs/ch32v203_usbd.o
                0x00000000200000c8                usbd_in_callback
 .sbss.usbd_out_callback
                0x00000000200000cc        0x4 ./user_libs/ch32v203_usbd.o
                0x00000000200000cc                usbd_out_callback
 .sbss.usbd_reset_callback
                0x00000000200000d0        0x4 ./user_libs/ch32v203_usbd.o
                0x00000000200000d0                usbd_reset_callback
 .sbss.usbd_setup_callback
                0x00000000200000d4        0x4 ./user_libs/ch32v203_usbd.o
                0x00000000200000d4                usbd_setup_callback
 .sbss.usbd_sof_callback
                0x00000000200000d8        0x4 ./user_libs/ch32v203_usbd.o
                0x00000000200000d8                usbd_sof_callback
 .sbss.usbd_suspend_callback
                0x00000000200000dc        0x4 ./user_libs/ch32v203_usbd.o
                0x00000000200000dc                usbd_suspend_callback
 .sbss.usbd_wakeup_callback
                0x00000000200000e0        0x4 ./user_libs/ch32v203_usbd.o
                0x00000000200000e0                usbd_wakeup_callback
 .sbss.cdc_control_line_state
                0x00000000200000e4        0x1 ./user_libs/ch32v203_usbd_cdc.o
                0x00000000200000e4                cdc_control_line_state
 .sbss.num_channels
                0x00000000200000e5        0x1 ./User/main.o
                0x00000000200000e5                num_channels
 .sbss.rtmi_control
                0x00000000200000e6        0x2 ./User/main.o
                0x00000000200000e6                rtmi_control
 .sbss.rtmi_num_samples
                0x00000000200000e8        0x4 ./User/main.o
                0x00000000200000e8                rtmi_num_samples
 .sbss.rtmi_sample_count
                0x00000000200000ec        0x4 ./User/main.o
                0x00000000200000ec                rtmi_sample_count
 .sbss.rtmi_threshold
                0x00000000200000f0        0x4 ./User/main.o
                0x00000000200000f0                rtmi_threshold
 .sbss.trigger_channel
                0x00000000200000f4        0x1 ./User/main.o
                0x00000000200000f4                trigger_channel
 .sbss.trigger_mode
                0x00000000200000f5        0x1 ./User/main.o
                0x00000000200000f5                trigger_mode
 *fill*         0x00000000200000f6        0x2 
 .sbss.__malloc_free_list
                0x00000000200000f8        0x4 /home/dragomir/MounRiver_Studio_Community_Linux_x64_V170/MRS_Community/toolchain/RISC-V Embedded GCC/bin/../lib/gcc/riscv-none-embed/8.2.0/../../../../riscv-none-embed/lib/rv32imac/ilp32/libg_nano.a(lib_a-nano-mallocr.o)
                0x00000000200000f8                __malloc_free_list
 .sbss.__malloc_sbrk_start
                0x00000000200000fc        0x4 /home/dragomir/MounRiver_Studio_Community_Linux_x64_V170/MRS_Community/toolchain/RISC-V Embedded GCC/bin/../lib/gcc/riscv-none-embed/8.2.0/../../../../riscv-none-embed/lib/rv32imac/ilp32/libg_nano.a(lib_a-nano-mallocr.o)
                0x00000000200000fc                __malloc_sbrk_start
 *(.gnu.linkonce.sb.*)
 *(.bss*)
 *(.gnu.linkonce.b.*)
 *(COMMON*)
 COMMON         0x0000000020000100       0x12 ./user_libs/ch32v203_usbd.o
                0x0000000020000100                ep_config
                0x0000000020000110                sof_count
 *fill*         0x0000000020000112        0x2 
 COMMON         0x0000000020000114       0x24 ./user_libs/ch32v203_usbd_cdc.o
                0x0000000020000114                ep3_t0_num_bytes
                0x0000000020000115                ep2_t1_num_bytes
                0x0000000020000116                ep2_t0_read_offset
                0x0000000020000117                ep3_wip
                0x0000000020000118                cdc_string_serial_offset
                0x0000000020000119                ep2_t1_zlp
                0x000000002000011a                ep2_t1_read_offset
                0x000000002000011b                ep2_t0_num_bytes
                0x000000002000011c                cdc_last_status_time
                0x000000002000011e                cdc_config
                0x000000002000011f                ep2_t0_zlp
                0x0000000020000120                ep3_write_select
                0x0000000020000124                descriptor_ptr
                0x0000000020000128                ep2_read_select
                0x0000000020000129                cdc_address
                0x000000002000012a                cdc_setup_buf
                0x0000000020000132                ep3_t1_num_bytes
                0x0000000020000134                ep2_out_res
                0x0000000020000136                cdc_last_data_time
 COMMON         0x0000000020000138        0x8 ./User/main.o
                0x0000000020000138                rtmi_channels
 COMMON         0x0000000020000140        0x4 /home/dragomir/MounRiver_Studio_Community_Linux_x64_V170/MRS_Community/toolchain/RISC-V Embedded GCC/bin/../lib/gcc/riscv-none-embed/8.2.0/../../../../riscv-none-embed/lib/rv32imac/ilp32/libg_nano.a(lib_a-reent.o)
                0x0000000020000140                errno
                0x0000000020000144                . = ALIGN (0x4)
                0x0000000020000144                PROVIDE (_ebss = .)
                0x0000000020000144                PROVIDE (_end = _ebss)
                [!provide]                        PROVIDE (end = .)

.stack          0x0000000020004800      0x800
                0x0000000020004800                PROVIDE (_heap_end = .)
                0x0000000020004800                . = ALIGN (0x4)
                [!provide]                        PROVIDE (_susrstack = .)
                0x0000000020005000                . = (. + __stack_size)
 *fill*         0x0000000020004800      0x800 
                0x0000000020005000                PROVIDE (_eusrstack = .)
OUTPUT(Alchemy_TMC5130.elf elf32-littleriscv)

.debug_info     0x0000000000000000     0x5825
 .debug_info    0x0000000000000000      0x4e4 ./user_libs/ch32v203_core.o
 .debug_info    0x00000000000004e4      0x67f ./user_libs/ch32v203_dma.o
 .debug_info    0x0000000000000b63      0x205 ./user_libs/ch32v203_gpio.o
 .debug_info    0x0000000000000d68      0x44f ./user_libs/ch32v203_rcc.o
 .debug_info    0x00000000000011b7      0x482 ./user_libs/ch32v203_spi.o
 .debug_info    0x0000000000001639      0x4d4 ./user_libs/ch32v203_timer.o
 .debug_info    0x0000000000001b0d      0xaf2 ./user_libs/ch32v203_usbd.o
 .debug_info    0x00000000000025ff      0xc50 ./user_libs/ch32v203_usbd_cdc.o
 .debug_info    0x000000000000324f     0x1aeb ./User/main.o
 .debug_info    0x0000000000004d3a       0x22 ./Startup/startup_ch32v20x_D6.o
 .debug_info    0x0000000000004d5c      0xac9 ./Debug/debug.o

.debug_abbrev   0x0000000000000000     0x12c2
 .debug_abbrev  0x0000000000000000      0x127 ./user_libs/ch32v203_core.o
 .debug_abbrev  0x0000000000000127      0x184 ./user_libs/ch32v203_dma.o
 .debug_abbrev  0x00000000000002ab      0x117 ./user_libs/ch32v203_gpio.o
 .debug_abbrev  0x00000000000003c2      0x163 ./user_libs/ch32v203_rcc.o
 .debug_abbrev  0x0000000000000525      0x132 ./user_libs/ch32v203_spi.o
 .debug_abbrev  0x0000000000000657      0x10a ./user_libs/ch32v203_timer.o
 .debug_abbrev  0x0000000000000761      0x2e2 ./user_libs/ch32v203_usbd.o
 .debug_abbrev  0x0000000000000a43      0x2f9 ./user_libs/ch32v203_usbd_cdc.o
 .debug_abbrev  0x0000000000000d3c      0x338 ./User/main.o
 .debug_abbrev  0x0000000000001074       0x12 ./Startup/startup_ch32v20x_D6.o
 .debug_abbrev  0x0000000000001086      0x23c ./Debug/debug.o

.debug_loc      0x0000000000000000     0x1311
 .debug_loc     0x0000000000000000       0x57 ./user_libs/ch32v203_core.o
 .debug_loc     0x0000000000000057      0x10b ./user_libs/ch32v203_gpio.o
 .debug_loc     0x0000000000000162      0x267 ./user_libs/ch32v203_rcc.o
 .debug_loc     0x00000000000003c9      0x254 ./user_libs/ch32v203_spi.o
 .debug_loc     0x000000000000061d       0x1e ./user_libs/ch32v203_timer.o
 .debug_loc     0x000000000000063b      0x45c ./user_libs/ch32v203_usbd.o
 .debug_loc     0x0000000000000a97      0x58f ./user_libs/ch32v203_usbd_cdc.o
 .debug_loc     0x0000000000001026      0x252 ./User/main.o
 .debug_loc     0x0000000000001278       0x99 ./Debug/debug.o

.debug_aranges  0x0000000000000000      0x430
 .debug_aranges
                0x0000000000000000       0xd8 ./user_libs/ch32v203_core.o
 .debug_aranges
                0x00000000000000d8       0x68 ./user_libs/ch32v203_dma.o
 .debug_aranges
                0x0000000000000140       0x28 ./user_libs/ch32v203_gpio.o
 .debug_aranges
                0x0000000000000168       0x68 ./user_libs/ch32v203_rcc.o
 .debug_aranges
                0x00000000000001d0       0x58 ./user_libs/ch32v203_spi.o
 .debug_aranges
                0x0000000000000228       0x50 ./user_libs/ch32v203_timer.o
 .debug_aranges
                0x0000000000000278       0x68 ./user_libs/ch32v203_usbd.o
 .debug_aranges
                0x00000000000002e0       0x98 ./user_libs/ch32v203_usbd_cdc.o
 .debug_aranges
                0x0000000000000378       0x60 ./User/main.o
 .debug_aranges
                0x00000000000003d8       0x30 ./Startup/startup_ch32v20x_D6.o
 .debug_aranges
                0x0000000000000408       0x28 ./Debug/debug.o

.debug_ranges   0x0000000000000000      0x448
 .debug_ranges  0x0000000000000000       0xc8 ./user_libs/ch32v203_core.o
 .debug_ranges  0x00000000000000c8       0x58 ./user_libs/ch32v203_dma.o
 .debug_ranges  0x0000000000000120       0x30 ./user_libs/ch32v203_gpio.o
 .debug_ranges  0x0000000000000150       0x58 ./user_libs/ch32v203_rcc.o
 .debug_ranges  0x00000000000001a8       0x48 ./user_libs/ch32v203_spi.o
 .debug_ranges  0x00000000000001f0       0x40 ./user_libs/ch32v203_timer.o
 .debug_ranges  0x0000000000000230       0xa8 ./user_libs/ch32v203_usbd.o
 .debug_ranges  0x00000000000002d8       0xe0 ./user_libs/ch32v203_usbd_cdc.o
 .debug_ranges  0x00000000000003b8       0x50 ./User/main.o
 .debug_ranges  0x0000000000000408       0x28 ./Startup/startup_ch32v20x_D6.o
 .debug_ranges  0x0000000000000430       0x18 ./Debug/debug.o

.debug_line     0x0000000000000000     0x6b41
 .debug_line    0x0000000000000000      0x722 ./user_libs/ch32v203_core.o
 .debug_line    0x0000000000000722      0x4d6 ./user_libs/ch32v203_dma.o
 .debug_line    0x0000000000000bf8      0x382 ./user_libs/ch32v203_gpio.o
 .debug_line    0x0000000000000f7a      0x8a6 ./user_libs/ch32v203_rcc.o
 .debug_line    0x0000000000001820      0x68f ./user_libs/ch32v203_spi.o
 .debug_line    0x0000000000001eaf      0x503 ./user_libs/ch32v203_timer.o
 .debug_line    0x00000000000023b2     0x105d ./user_libs/ch32v203_usbd.o
 .debug_line    0x000000000000340f     0x2116 ./user_libs/ch32v203_usbd_cdc.o
 .debug_line    0x0000000000005525     0x11a5 ./User/main.o
 .debug_line    0x00000000000066ca      0x121 ./Startup/startup_ch32v20x_D6.o
 .debug_line    0x00000000000067eb      0x356 ./Debug/debug.o

.debug_str      0x0000000000000000     0x1a8c
 .debug_str     0x0000000000000000      0x329 ./user_libs/ch32v203_core.o
                                        0x392 (size before relaxing)
 .debug_str     0x0000000000000329      0x5a0 ./user_libs/ch32v203_dma.o
                                        0x75f (size before relaxing)
 .debug_str     0x00000000000008c9       0x80 ./user_libs/ch32v203_gpio.o
                                        0x232 (size before relaxing)
 .debug_str     0x0000000000000949      0x1c8 ./user_libs/ch32v203_rcc.o
                                        0x390 (size before relaxing)
 .debug_str     0x0000000000000b11       0xfc ./user_libs/ch32v203_spi.o
                                        0x2fd (size before relaxing)
 .debug_str     0x0000000000000c0d      0x239 ./user_libs/ch32v203_timer.o
                                        0x45c (size before relaxing)
 .debug_str     0x0000000000000e46      0x2b6 ./user_libs/ch32v203_usbd.o
                                        0x923 (size before relaxing)
 .debug_str     0x00000000000010fc      0x3fe ./user_libs/ch32v203_usbd_cdc.o
                                        0x7fc (size before relaxing)
 .debug_str     0x00000000000014fa      0x52e ./User/main.o
                                        0xf23 (size before relaxing)
 .debug_str     0x0000000000001a28       0x2d ./Startup/startup_ch32v20x_D6.o
                                         0x73 (size before relaxing)
 .debug_str     0x0000000000001a55       0x37 ./Debug/debug.o
                                        0x66b (size before relaxing)

.comment        0x0000000000000000       0x33
 .comment       0x0000000000000000       0x33 ./user_libs/ch32v203_core.o
                                         0x34 (size before relaxing)
 .comment       0x0000000000000033       0x34 ./user_libs/ch32v203_dma.o
 .comment       0x0000000000000033       0x34 ./user_libs/ch32v203_gpio.o
 .comment       0x0000000000000033       0x34 ./user_libs/ch32v203_rcc.o
 .comment       0x0000000000000033       0x34 ./user_libs/ch32v203_spi.o
 .comment       0x0000000000000033       0x34 ./user_libs/ch32v203_timer.o
 .comment       0x0000000000000033       0x34 ./user_libs/ch32v203_usbd.o
 .comment       0x0000000000000033       0x34 ./user_libs/ch32v203_usbd_cdc.o
 .comment       0x0000000000000033       0x34 ./User/main.o
 .comment       0x0000000000000033       0x34 ./Debug/debug.o

.debug_frame    0x0000000000000000     0x1234
 .debug_frame   0x0000000000000000      0x19c ./user_libs/ch32v203_core.o
 .debug_frame   0x000000000000019c       0xb0 ./user_libs/ch32v203_dma.o
 .debug_frame   0x000000000000024c       0x30 ./user_libs/ch32v203_gpio.o
 .debug_frame   0x000000000000027c      0x10c ./user_libs/ch32v203_rcc.o
 .debug_frame   0x0000000000000388       0x90 ./user_libs/ch32v203_spi.o
 .debug_frame   0x0000000000000418       0x80 ./user_libs/ch32v203_timer.o
 .debug_frame   0x0000000000000498       0xec ./user_libs/ch32v203_usbd.o
 .debug_frame   0x0000000000000584      0x258 ./user_libs/ch32v203_usbd_cdc.o
 .debug_frame   0x00000000000007dc      0x108 ./User/main.o
 .debug_frame   0x00000000000008e4       0x3c ./Debug/debug.o
 .debug_frame   0x0000000000000920       0x54 /home/dragomir/MounRiver_Studio_Community_Linux_x64_V170/MRS_Community/toolchain/RISC-V Embedded GCC/bin/../lib/gcc/riscv-none-embed/8.2.0/../../../../riscv-none-embed/lib/rv32imac/ilp32/libg_nano.a(lib_a-printf.o)
 .debug_frame   0x0000000000000974       0x54 /home/dragomir/MounRiver_Studio_Community_Linux_x64_V170/MRS_Community/toolchain/RISC-V Embedded GCC/bin/../lib/gcc/riscv-none-embed/8.2.0/../../../../riscv-none-embed/lib/rv32imac/ilp32/libg_nano.a(lib_a-puts.o)
 .debug_frame   0x00000000000009c8       0x50 /home/dragomir/MounRiver_Studio_Community_Linux_x64_V170/MRS_Community/toolchain/RISC-V Embedded GCC/bin/../lib/gcc/riscv-none-embed/8.2.0/../../../../riscv-none-embed/lib/rv32imac/ilp32/libg_nano.a(lib_a-wbuf.o)
 .debug_frame   0x0000000000000a18       0x3c /home/dragomir/MounRiver_Studio_Community_Linux_x64_V170/MRS_Community/toolchain/RISC-V Embedded GCC/bin/../lib/gcc/riscv-none-embed/8.2.0/../../../../riscv-none-embed/lib/rv32imac/ilp32/libg_nano.a(lib_a-wsetup.o)
 .debug_frame   0x0000000000000a54       0x7c /home/dragomir/MounRiver_Studio_Community_Linux_x64_V170/MRS_Community/toolchain/RISC-V Embedded GCC/bin/../lib/gcc/riscv-none-embed/8.2.0/../../../../riscv-none-embed/lib/rv32imac/ilp32/libg_nano.a(lib_a-fflush.o)
 .debug_frame   0x0000000000000ad0      0x148 /home/dragomir/MounRiver_Studio_Community_Linux_x64_V170/MRS_Community/toolchain/RISC-V Embedded GCC/bin/../lib/gcc/riscv-none-embed/8.2.0/../../../../riscv-none-embed/lib/rv32imac/ilp32/libg_nano.a(lib_a-findfp.o)
 .debug_frame   0x0000000000000c18       0x88 /home/dragomir/MounRiver_Studio_Community_Linux_x64_V170/MRS_Community/toolchain/RISC-V Embedded GCC/bin/../lib/gcc/riscv-none-embed/8.2.0/../../../../riscv-none-embed/lib/rv32imac/ilp32/libg_nano.a(lib_a-fwalk.o)
 .debug_frame   0x0000000000000ca0       0x64 /home/dragomir/MounRiver_Studio_Community_Linux_x64_V170/MRS_Community/toolchain/RISC-V Embedded GCC/bin/../lib/gcc/riscv-none-embed/8.2.0/../../../../riscv-none-embed/lib/rv32imac/ilp32/libg_nano.a(lib_a-makebuf.o)
 .debug_frame   0x0000000000000d04       0x40 /home/dragomir/MounRiver_Studio_Community_Linux_x64_V170/MRS_Community/toolchain/RISC-V Embedded GCC/bin/../lib/gcc/riscv-none-embed/8.2.0/../../../../riscv-none-embed/lib/rv32imac/ilp32/libg_nano.a(lib_a-nano-freer.o)
 .debug_frame   0x0000000000000d44       0x40 /home/dragomir/MounRiver_Studio_Community_Linux_x64_V170/MRS_Community/toolchain/RISC-V Embedded GCC/bin/../lib/gcc/riscv-none-embed/8.2.0/../../../../riscv-none-embed/lib/rv32imac/ilp32/libg_nano.a(lib_a-nano-mallocr.o)
 .debug_frame   0x0000000000000d84       0xd0 /home/dragomir/MounRiver_Studio_Community_Linux_x64_V170/MRS_Community/toolchain/RISC-V Embedded GCC/bin/../lib/gcc/riscv-none-embed/8.2.0/../../../../riscv-none-embed/lib/rv32imac/ilp32/libg_nano.a(lib_a-nano-vfprintf.o)
 .debug_frame   0x0000000000000e54       0x8c /home/dragomir/MounRiver_Studio_Community_Linux_x64_V170/MRS_Community/toolchain/RISC-V Embedded GCC/bin/../lib/gcc/riscv-none-embed/8.2.0/../../../../riscv-none-embed/lib/rv32imac/ilp32/libg_nano.a(lib_a-nano-vfprintf_i.o)
 .debug_frame   0x0000000000000ee0       0x30 /home/dragomir/MounRiver_Studio_Community_Linux_x64_V170/MRS_Community/toolchain/RISC-V Embedded GCC/bin/../lib/gcc/riscv-none-embed/8.2.0/../../../../riscv-none-embed/lib/rv32imac/ilp32/libg_nano.a(lib_a-sbrkr.o)
 .debug_frame   0x0000000000000f10       0xa4 /home/dragomir/MounRiver_Studio_Community_Linux_x64_V170/MRS_Community/toolchain/RISC-V Embedded GCC/bin/../lib/gcc/riscv-none-embed/8.2.0/../../../../riscv-none-embed/lib/rv32imac/ilp32/libg_nano.a(lib_a-stdio.o)
 .debug_frame   0x0000000000000fb4       0x30 /home/dragomir/MounRiver_Studio_Community_Linux_x64_V170/MRS_Community/toolchain/RISC-V Embedded GCC/bin/../lib/gcc/riscv-none-embed/8.2.0/../../../../riscv-none-embed/lib/rv32imac/ilp32/libg_nano.a(lib_a-writer.o)
 .debug_frame   0x0000000000000fe4       0x30 /home/dragomir/MounRiver_Studio_Community_Linux_x64_V170/MRS_Community/toolchain/RISC-V Embedded GCC/bin/../lib/gcc/riscv-none-embed/8.2.0/../../../../riscv-none-embed/lib/rv32imac/ilp32/libg_nano.a(lib_a-closer.o)
 .debug_frame   0x0000000000001014       0x30 /home/dragomir/MounRiver_Studio_Community_Linux_x64_V170/MRS_Community/toolchain/RISC-V Embedded GCC/bin/../lib/gcc/riscv-none-embed/8.2.0/../../../../riscv-none-embed/lib/rv32imac/ilp32/libg_nano.a(lib_a-fstatr.o)
 .debug_frame   0x0000000000001044       0x30 /home/dragomir/MounRiver_Studio_Community_Linux_x64_V170/MRS_Community/toolchain/RISC-V Embedded GCC/bin/../lib/gcc/riscv-none-embed/8.2.0/../../../../riscv-none-embed/lib/rv32imac/ilp32/libg_nano.a(lib_a-isattyr.o)
 .debug_frame   0x0000000000001074       0x30 /home/dragomir/MounRiver_Studio_Community_Linux_x64_V170/MRS_Community/toolchain/RISC-V Embedded GCC/bin/../lib/gcc/riscv-none-embed/8.2.0/../../../../riscv-none-embed/lib/rv32imac/ilp32/libg_nano.a(lib_a-lseekr.o)
 .debug_frame   0x00000000000010a4       0x20 /home/dragomir/MounRiver_Studio_Community_Linux_x64_V170/MRS_Community/toolchain/RISC-V Embedded GCC/bin/../lib/gcc/riscv-none-embed/8.2.0/../../../../riscv-none-embed/lib/rv32imac/ilp32/libg_nano.a(lib_a-memchr.o)
 .debug_frame   0x00000000000010c4       0x30 /home/dragomir/MounRiver_Studio_Community_Linux_x64_V170/MRS_Community/toolchain/RISC-V Embedded GCC/bin/../lib/gcc/riscv-none-embed/8.2.0/../../../../riscv-none-embed/lib/rv32imac/ilp32/libg_nano.a(lib_a-mlock.o)
 .debug_frame   0x00000000000010f4       0x30 /home/dragomir/MounRiver_Studio_Community_Linux_x64_V170/MRS_Community/toolchain/RISC-V Embedded GCC/bin/../lib/gcc/riscv-none-embed/8.2.0/../../../../riscv-none-embed/lib/rv32imac/ilp32/libg_nano.a(lib_a-readr.o)
 .debug_frame   0x0000000000001124       0x70 /home/dragomir/MounRiver_Studio_Community_Linux_x64_V170/MRS_Community/toolchain/RISC-V Embedded GCC/bin/../lib/gcc/riscv-none-embed/8.2.0/../../../../riscv-none-embed/lib/rv32imac/ilp32/libg_nano.a(lib_a-reent.o)
 .debug_frame   0x0000000000001194       0x20 /home/dragomir/MounRiver_Studio_Community_Linux_x64_V170/MRS_Community/toolchain/RISC-V Embedded GCC/bin/../lib/gcc/riscv-none-embed/8.2.0/../../../../riscv-none-embed/lib/rv32imac/ilp32/libnosys.a(close.o)
 .debug_frame   0x00000000000011b4       0x20 /home/dragomir/MounRiver_Studio_Community_Linux_x64_V170/MRS_Community/toolchain/RISC-V Embedded GCC/bin/../lib/gcc/riscv-none-embed/8.2.0/../../../../riscv-none-embed/lib/rv32imac/ilp32/libnosys.a(fstat.o)
 .debug_frame   0x00000000000011d4       0x20 /home/dragomir/MounRiver_Studio_Community_Linux_x64_V170/MRS_Community/toolchain/RISC-V Embedded GCC/bin/../lib/gcc/riscv-none-embed/8.2.0/../../../../riscv-none-embed/lib/rv32imac/ilp32/libnosys.a(isatty.o)
 .debug_frame   0x00000000000011f4       0x20 /home/dragomir/MounRiver_Studio_Community_Linux_x64_V170/MRS_Community/toolchain/RISC-V Embedded GCC/bin/../lib/gcc/riscv-none-embed/8.2.0/../../../../riscv-none-embed/lib/rv32imac/ilp32/libnosys.a(lseek.o)
 .debug_frame   0x0000000000001214       0x20 /home/dragomir/MounRiver_Studio_Community_Linux_x64_V170/MRS_Community/toolchain/RISC-V Embedded GCC/bin/../lib/gcc/riscv-none-embed/8.2.0/../../../../riscv-none-embed/lib/rv32imac/ilp32/libnosys.a(read.o)

.stab           0x0000000000000000       0x84
 .stab          0x0000000000000000       0x24 /home/dragomir/MounRiver_Studio_Community_Linux_x64_V170/MRS_Community/toolchain/RISC-V Embedded GCC/bin/../lib/gcc/riscv-none-embed/8.2.0/../../../../riscv-none-embed/lib/rv32imac/ilp32/libnosys.a(close.o)
 .stab          0x0000000000000024       0x18 /home/dragomir/MounRiver_Studio_Community_Linux_x64_V170/MRS_Community/toolchain/RISC-V Embedded GCC/bin/../lib/gcc/riscv-none-embed/8.2.0/../../../../riscv-none-embed/lib/rv32imac/ilp32/libnosys.a(fstat.o)
                                         0x24 (size before relaxing)
 .stab          0x000000000000003c       0x18 /home/dragomir/MounRiver_Studio_Community_Linux_x64_V170/MRS_Community/toolchain/RISC-V Embedded GCC/bin/../lib/gcc/riscv-none-embed/8.2.0/../../../../riscv-none-embed/lib/rv32imac/ilp32/libnosys.a(isatty.o)
                                         0x24 (size before relaxing)
 .stab          0x0000000000000054       0x18 /home/dragomir/MounRiver_Studio_Community_Linux_x64_V170/MRS_Community/toolchain/RISC-V Embedded GCC/bin/../lib/gcc/riscv-none-embed/8.2.0/../../../../riscv-none-embed/lib/rv32imac/ilp32/libnosys.a(lseek.o)
                                         0x24 (size before relaxing)
 .stab          0x000000000000006c       0x18 /home/dragomir/MounRiver_Studio_Community_Linux_x64_V170/MRS_Community/toolchain/RISC-V Embedded GCC/bin/../lib/gcc/riscv-none-embed/8.2.0/../../../../riscv-none-embed/lib/rv32imac/ilp32/libnosys.a(read.o)
                                         0x24 (size before relaxing)

.stabstr        0x0000000000000000      0x117
 .stabstr       0x0000000000000000      0x117 /home/dragomir/MounRiver_Studio_Community_Linux_x64_V170/MRS_Community/toolchain/RISC-V Embedded GCC/bin/../lib/gcc/riscv-none-embed/8.2.0/../../../../riscv-none-embed/lib/rv32imac/ilp32/libnosys.a(close.o)
