Archive member included to satisfy reference by file (symbol)

c:/mounriver/mrs_community/toolchain/risc-v embedded gcc/bin/../lib/gcc/riscv-none-embed/8.2.0/rv32imac/ilp32\libgcc.a(save-restore.o)
                              ./user_libs/ch32v203_usbd_cdc.o (__riscv_save_12)
c:/mounriver/mrs_community/toolchain/risc-v embedded gcc/bin/../lib/gcc/riscv-none-embed/8.2.0/../../../../riscv-none-embed/lib/rv32imac/ilp32\libg_nano.a(lib_a-printf.o)
                              ./User/main.o (printf)
c:/mounriver/mrs_community/toolchain/risc-v embedded gcc/bin/../lib/gcc/riscv-none-embed/8.2.0/../../../../riscv-none-embed/lib/rv32imac/ilp32\libg_nano.a(lib_a-puts.o)
                              ./User/main.o (puts)
c:/mounriver/mrs_community/toolchain/risc-v embedded gcc/bin/../lib/gcc/riscv-none-embed/8.2.0/../../../../riscv-none-embed/lib/rv32imac/ilp32\libg_nano.a(lib_a-wbuf.o)
                              c:/mounriver/mrs_community/toolchain/risc-v embedded gcc/bin/../lib/gcc/riscv-none-embed/8.2.0/../../../../riscv-none-embed/lib/rv32imac/ilp32\libg_nano.a(lib_a-puts.o) (__swbuf_r)
c:/mounriver/mrs_community/toolchain/risc-v embedded gcc/bin/../lib/gcc/riscv-none-embed/8.2.0/../../../../riscv-none-embed/lib/rv32imac/ilp32\libg_nano.a(lib_a-wsetup.o)
                              c:/mounriver/mrs_community/toolchain/risc-v embedded gcc/bin/../lib/gcc/riscv-none-embed/8.2.0/../../../../riscv-none-embed/lib/rv32imac/ilp32\libg_nano.a(lib_a-puts.o) (__swsetup_r)
c:/mounriver/mrs_community/toolchain/risc-v embedded gcc/bin/../lib/gcc/riscv-none-embed/8.2.0/../../../../riscv-none-embed/lib/rv32imac/ilp32\libg_nano.a(lib_a-fflush.o)
                              c:/mounriver/mrs_community/toolchain/risc-v embedded gcc/bin/../lib/gcc/riscv-none-embed/8.2.0/../../../../riscv-none-embed/lib/rv32imac/ilp32\libg_nano.a(lib_a-wbuf.o) (_fflush_r)
c:/mounriver/mrs_community/toolchain/risc-v embedded gcc/bin/../lib/gcc/riscv-none-embed/8.2.0/../../../../riscv-none-embed/lib/rv32imac/ilp32\libg_nano.a(lib_a-findfp.o)
                              c:/mounriver/mrs_community/toolchain/risc-v embedded gcc/bin/../lib/gcc/riscv-none-embed/8.2.0/../../../../riscv-none-embed/lib/rv32imac/ilp32\libg_nano.a(lib_a-printf.o) (__sinit)
c:/mounriver/mrs_community/toolchain/risc-v embedded gcc/bin/../lib/gcc/riscv-none-embed/8.2.0/../../../../riscv-none-embed/lib/rv32imac/ilp32\libg_nano.a(lib_a-fwalk.o)
                              c:/mounriver/mrs_community/toolchain/risc-v embedded gcc/bin/../lib/gcc/riscv-none-embed/8.2.0/../../../../riscv-none-embed/lib/rv32imac/ilp32\libg_nano.a(lib_a-findfp.o) (_fwalk)
c:/mounriver/mrs_community/toolchain/risc-v embedded gcc/bin/../lib/gcc/riscv-none-embed/8.2.0/../../../../riscv-none-embed/lib/rv32imac/ilp32\libg_nano.a(lib_a-impure.o)
                              c:/mounriver/mrs_community/toolchain/risc-v embedded gcc/bin/../lib/gcc/riscv-none-embed/8.2.0/../../../../riscv-none-embed/lib/rv32imac/ilp32\libg_nano.a(lib_a-fflush.o) (_global_impure_ptr)
c:/mounriver/mrs_community/toolchain/risc-v embedded gcc/bin/../lib/gcc/riscv-none-embed/8.2.0/../../../../riscv-none-embed/lib/rv32imac/ilp32\libg_nano.a(lib_a-makebuf.o)
                              c:/mounriver/mrs_community/toolchain/risc-v embedded gcc/bin/../lib/gcc/riscv-none-embed/8.2.0/../../../../riscv-none-embed/lib/rv32imac/ilp32\libg_nano.a(lib_a-wsetup.o) (__smakebuf_r)
c:/mounriver/mrs_community/toolchain/risc-v embedded gcc/bin/../lib/gcc/riscv-none-embed/8.2.0/../../../../riscv-none-embed/lib/rv32imac/ilp32\libg_nano.a(lib_a-memset.o)
                              c:/mounriver/mrs_community/toolchain/risc-v embedded gcc/bin/../lib/gcc/riscv-none-embed/8.2.0/../../../../riscv-none-embed/lib/rv32imac/ilp32\libg_nano.a(lib_a-findfp.o) (memset)
c:/mounriver/mrs_community/toolchain/risc-v embedded gcc/bin/../lib/gcc/riscv-none-embed/8.2.0/../../../../riscv-none-embed/lib/rv32imac/ilp32\libg_nano.a(lib_a-nano-freer.o)
                              c:/mounriver/mrs_community/toolchain/risc-v embedded gcc/bin/../lib/gcc/riscv-none-embed/8.2.0/../../../../riscv-none-embed/lib/rv32imac/ilp32\libg_nano.a(lib_a-wsetup.o) (_free_r)
c:/mounriver/mrs_community/toolchain/risc-v embedded gcc/bin/../lib/gcc/riscv-none-embed/8.2.0/../../../../riscv-none-embed/lib/rv32imac/ilp32\libg_nano.a(lib_a-nano-mallocr.o)
                              c:/mounriver/mrs_community/toolchain/risc-v embedded gcc/bin/../lib/gcc/riscv-none-embed/8.2.0/../../../../riscv-none-embed/lib/rv32imac/ilp32\libg_nano.a(lib_a-findfp.o) (_malloc_r)
c:/mounriver/mrs_community/toolchain/risc-v embedded gcc/bin/../lib/gcc/riscv-none-embed/8.2.0/../../../../riscv-none-embed/lib/rv32imac/ilp32\libg_nano.a(lib_a-nano-vfprintf.o)
                              c:/mounriver/mrs_community/toolchain/risc-v embedded gcc/bin/../lib/gcc/riscv-none-embed/8.2.0/../../../../riscv-none-embed/lib/rv32imac/ilp32\libg_nano.a(lib_a-printf.o) (_vfprintf_r)
[...]
Memory Configuration

Name             Origin             Length             Attributes
FLASH            0x0000000000000000 0x0000000000010000 xr
RAM              0x0000000020000000 0x0000000000005000 xrw
*default*        0x0000000000000000 0xffffffffffffffff

Linker script and memory map

LOAD ./user_libs/ch32v203_core.o
LOAD ./user_libs/ch32v203_gpio.o
LOAD ./user_libs/ch32v203_rcc.o
LOAD ./user_libs/ch32v203_spi.o
LOAD ./user_libs/ch32v203_timer.o
LOAD ./user_libs/ch32v203_uart.o
LOAD ./user_libs/ch32v203_usbd.o
LOAD ./user_libs/ch32v203_usbd_cdc.o
LOAD ./user_libs/fifo.o
LOAD ./user_libs/pseudo_random.o
LOAD ./User/ch32v20x_it.o
LOAD ./User/main.o
LOAD ./User/support.o
LOAD ./Startup/startup_ch32v20x_D6.o
LOAD ./Debug/debug.o
LOAD c:/mounriver/mrs_community/toolchain/risc-v embedded gcc/bin/../lib/gcc/riscv-none-embed/8.2.0/rv32imac/ilp32\libgcc.a
LOAD c:/mounriver/mrs_community/toolchain/risc-v embedded gcc/bin/../lib/gcc/riscv-none-embed/8.2.0/../../../../riscv-none-embed/lib/rv32imac/ilp32\libg_nano.a
LOAD c:/mounriver/mrs_community/toolchain/risc-v embedded gcc/bin/../lib/gcc/riscv-none-embed/8.2.0/../../../../riscv-none-embed/lib/rv32imac/ilp32\libc_nano.a
LOAD c:/mounriver/mrs_community/toolchain/risc-v embedded gcc/bin/../lib/gcc/riscv-none-embed/8.2.0/rv32imac/ilp32\libgcc.a
START GROUP
LOAD c:/mounriver/mrs_community/toolchain/risc-v embedded gcc/bin/../lib/gcc/riscv-none-embed/8.2.0/rv32imac/ilp32\libgcc.a
LOAD c:/mounriver/mrs_community/toolchain/risc-v embedded gcc/bin/../lib/gcc/riscv-none-embed/8.2.0/../../../../riscv-none-embed/lib/rv32imac/ilp32\libc_nano.a
LOAD c:/mounriver/mrs_community/toolchain/risc-v embedded gcc/bin/../lib/gcc/riscv-none-embed/8.2.0/../../../../riscv-none-embed/lib/rv32imac/ilp32\libnosys.a
END GROUP
START GROUP
LOAD c:/mounriver/mrs_community/toolchain/risc-v embedded gcc/bin/../lib/gcc/riscv-none-embed/8.2.0/rv32imac/ilp32\libgcc.a
LOAD c:/mounriver/mrs_community/toolchain/risc-v embedded gcc/bin/../lib/gcc/riscv-none-embed/8.2.0/../../../../riscv-none-embed/lib/rv32imac/ilp32\libc_nano.a
LOAD c:/mounriver/mrs_community/toolchain/risc-v embedded gcc/bin/../lib/gcc/riscv-none-embed/8.2.0/../../../../riscv-none-embed/lib/rv32imac/ilp32\libnosys.a
END GROUP
                0x0000000000000800                __stack_size = 0x800
                [!provide]                        PROVIDE (_stack_size = __stack_size)

.init           0x0000000000000000        0x4
                0x0000000000000000                _sinit = .
                0x0000000000000000                . = ALIGN (0x4)
 *(SORT_NONE(.init))
 .init          0x0000000000000000        0x4 ./Startup/startup_ch32v20x_D6.o
                0x0000000000000000                _start
                0x0000000000000004                . = ALIGN (0x4)
                0x0000000000000004                _einit = .

.vector         0x0000000000000004       0xfc
 *(.vector)
 .vector        0x0000000000000004       0xfc ./Startup/startup_ch32v20x_D6.o
                0x0000000000000100                . = ALIGN (0x40)

.text           0x0000000000000100     0x35d4
                0x0000000000000100                . = ALIGN (0x4)
 *(.text)
 .text          0x0000000000000100       0x60 c:/mounriver/mrs_community/toolchain/risc-v embedded gcc/bin/../lib/gcc/riscv-none-embed/8.2.0/rv32imac/ilp32\libgcc.a(save-restore.o)
                0x0000000000000100                __riscv_save_12
                0x0000000000000108                __riscv_save_9
                0x0000000000000108                __riscv_save_11
                0x0000000000000108                __riscv_save_10
                0x0000000000000108                __riscv_save_8
                0x0000000000000116                __riscv_save_4
                0x0000000000000116                __riscv_save_6
                0x0000000000000116                __riscv_save_5
                0x0000000000000116                __riscv_save_7
                0x0000000000000130                __riscv_save_3
                0x0000000000000130                __riscv_save_2
                0x0000000000000130                __riscv_save_1
                0x0000000000000130                __riscv_save_0
                0x000000000000013c                __riscv_restore_12
                0x0000000000000140                __riscv_restore_11
                0x0000000000000140                __riscv_restore_9
                0x0000000000000140                __riscv_restore_10
                0x0000000000000140                __riscv_restore_8
                0x000000000000014a                __riscv_restore_5
                0x000000000000014a                __riscv_restore_7
                0x000000000000014a                __riscv_restore_6
                0x000000000000014a                __riscv_restore_4
                0x0000000000000154                __riscv_restore_3
                0x0000000000000154                __riscv_restore_0
                0x0000000000000154                __riscv_restore_2
                0x0000000000000154                __riscv_restore_1
 .text          0x0000000000000160       0xa8 c:/mounriver/mrs_community/toolchain/risc-v embedded gcc/bin/../lib/gcc/riscv-none-embed/8.2.0/../../../../riscv-none-embed/lib/rv32imac/ilp32\libg_nano.a(lib_a-memset.o)
                0x0000000000000160                memset
 *(.text.*)
 .text.gpio_set_mode
                0x0000000000000208       0x66 ./user_libs/ch32v203_gpio.o
                0x0000000000000208                gpio_set_mode
 .text.rcc_hse_init
                0x000000000000026e       0x4c ./user_libs/ch32v203_rcc.o
                0x000000000000026e                rcc_hse_init
 .text.rcc_init_pll
                0x00000000000002ba       0x3c ./user_libs/ch32v203_rcc.o
                0x00000000000002ba                rcc_init_pll
 .text.rcc_system_init
                0x00000000000002f6       0x9e ./user_libs/ch32v203_rcc.o
                0x00000000000002f6                rcc_system_init
 .text.rcc_compute_sysclk_freq
                0x0000000000000394       0x72 ./user_libs/ch32v203_rcc.o
                0x0000000000000394                rcc_compute_sysclk_freq
 .text.rcc_compute_hclk_freq
                0x0000000000000406       0x22 ./user_libs/ch32v203_rcc.o
                0x0000000000000406                rcc_compute_hclk_freq
 .text.rcc_compute_pclk1_freq
                0x0000000000000428       0x22 ./user_libs/ch32v203_rcc.o
                0x0000000000000428                rcc_compute_pclk1_freq
 .text.rcc_compute_pclk2_freq
                0x000000000000044a       0x24 ./user_libs/ch32v203_rcc.o
                0x000000000000044a                rcc_compute_pclk2_freq
 .text.rcc_compute_adcclk
                0x000000000000046e       0x18 ./user_libs/ch32v203_rcc.o
                0x000000000000046e                rcc_compute_adcclk
 .text.spi_init
                0x0000000000000486       0x2e ./user_libs/ch32v203_spi.o
                0x0000000000000486                spi_init
 .text.spi_transfer
                0x00000000000004b4       0x12 ./user_libs/ch32v203_spi.o
                0x00000000000004b4                spi_transfer
 .text.USART1_IRQHandler
                0x00000000000004c6       0x86 ./user_libs/ch32v203_uart.o
                0x00000000000004c6                USART1_IRQHandler
 .text.USART2_IRQHandler
                0x000000000000054c       0x60 ./user_libs/ch32v203_uart.o
                0x000000000000054c                USART2_IRQHandler
 .text.USART3_IRQHandler
                0x00000000000005ac       0x60 ./user_libs/ch32v203_uart.o
                0x00000000000005ac                USART3_IRQHandler
 .text.UART4_IRQHandler
                0x000000000000060c       0x60 ./user_libs/ch32v203_uart.o
                0x000000000000060c                UART4_IRQHandler
 .text.uart_init
                0x000000000000066c       0x6e ./user_libs/ch32v203_uart.o
                0x000000000000066c                uart_init
 .text.uart_bytes_available
                0x00000000000006da        0x6 ./user_libs/ch32v203_uart.o
                0x00000000000006da                uart_bytes_available
 .text.uart_peek
                0x00000000000006e0        0xe ./user_libs/ch32v203_uart.o
                0x00000000000006e0                uart_peek
 .text.uart_read_bytes
                0x00000000000006ee       0x5e ./user_libs/ch32v203_uart.o
                0x00000000000006ee                uart_read_bytes
 .text.uart_write_bytes
                0x000000000000074c       0xb0 ./user_libs/ch32v203_uart.o
                0x000000000000074c                uart_write_bytes
 .text.USB_HP_CAN1_TX_IRQHandler
                0x00000000000007fc       0x72 ./user_libs/ch32v203_usbd.o
                0x00000000000007fc                USB_HP_CAN1_TX_IRQHandler
 .text.USB_LP_CAN1_RX0_IRQHandler
                0x000000000000086e      0x1c8 ./user_libs/ch32v203_usbd.o
                0x000000000000086e                USB_LP_CAN1_RX0_IRQHandler
 .text.USBWakeUp_IRQHandler
                0x0000000000000a36       0x38 ./user_libs/ch32v203_usbd.o
                0x0000000000000a36                USBWakeUp_IRQHandler
 .text.usbd_init
                0x0000000000000a6e      0x17c ./user_libs/ch32v203_usbd.o
                0x0000000000000a6e                usbd_init
 .text.usbd_write_to_pma
                0x0000000000000bea       0x26 ./user_libs/ch32v203_usbd.o
                0x0000000000000bea                usbd_write_to_pma
 .text.usbd_read_from_pma
                0x0000000000000c10       0x26 ./user_libs/ch32v203_usbd.o
                0x0000000000000c10                usbd_read_from_pma
 .text.cdc_on_sof
                0x0000000000000c36      0x108 ./user_libs/ch32v203_usbd_cdc.o
                0x0000000000000c36                cdc_on_sof
 .text.cdc_on_rst
                0x0000000000000d3e       0x6e ./user_libs/ch32v203_usbd_cdc.o
                0x0000000000000d3e                cdc_on_rst
 .text.cdc_on_in
                0x0000000000000dac      0x114 ./user_libs/ch32v203_usbd_cdc.o
                0x0000000000000dac                cdc_on_in
 .text.cdc_on_out
                0x0000000000000ec0       0xc2 ./user_libs/ch32v203_usbd_cdc.o
                0x0000000000000ec0                cdc_on_out
 .text.cdc_on_setup
                0x0000000000000f82      0x306 ./user_libs/ch32v203_usbd_cdc.o
                0x0000000000000f82                cdc_on_setup
 .text.usbd_write_bytes_to_pma
                0x0000000000001288       0x8a ./user_libs/ch32v203_usbd_cdc.o
                0x0000000000001288                usbd_write_bytes_to_pma
 .text.usbd_read_bytes_from_pma
                0x0000000000001312       0x70 ./user_libs/ch32v203_usbd_cdc.o
                0x0000000000001312                usbd_read_bytes_from_pma
 .text.cdc_set_serial_state
                0x0000000000001382       0x4a ./user_libs/ch32v203_usbd_cdc.o
                0x0000000000001382                cdc_set_serial_state
 .text.cdc_init
                0x00000000000013cc       0x62 ./user_libs/ch32v203_usbd_cdc.o
                0x00000000000013cc                cdc_init
 .text.cdc_bytes_available
                0x000000000000142e       0x1c ./user_libs/ch32v203_usbd_cdc.o
                0x000000000000142e                cdc_bytes_available
 .text.cdc_peek
                0x000000000000144a       0x3e ./user_libs/ch32v203_usbd_cdc.o
                0x000000000000144a                cdc_peek
 .text.cdc_read_bytes
                0x0000000000001488      0x188 ./user_libs/ch32v203_usbd_cdc.o
                0x0000000000001488                cdc_read_bytes
 .text.cdc_write_bytes
                0x0000000000001610      0x1c0 ./user_libs/ch32v203_usbd_cdc.o
                0x0000000000001610                cdc_write_bytes
 .text.fifo_init
                0x00000000000017d0       0x10 ./user_libs/fifo.o
                0x00000000000017d0                fifo_init
 .text.fifo_push
                0x00000000000017e0       0x3c ./user_libs/fifo.o
                0x00000000000017e0                fifo_push
 .text.fifo_pop
                0x000000000000181c       0x2e ./user_libs/fifo.o
                0x000000000000181c                fifo_pop
 .text.fifo_read
                0x000000000000184a       0xa8 ./user_libs/fifo.o
                0x000000000000184a                fifo_read
 .text.fifo_write
                0x00000000000018f2       0xa4 ./user_libs/fifo.o
                0x00000000000018f2                fifo_write
 .text.NMI_Handler
                0x0000000000001996        0x2 ./User/ch32v20x_it.o
                0x0000000000001996                NMI_Handler
 .text.HardFault_Handler
                0x0000000000001998        0x2 ./User/ch32v20x_it.o
                0x0000000000001998                HardFault_Handler
 .text.crc8_calc_lsb_first
                0x000000000000199a       0x52 ./User/main.o
                0x000000000000199a                crc8_calc_lsb_first
 .text.tm10_write_option_flags
                0x00000000000019ec       0x70 ./User/main.o
                0x00000000000019ec                tm10_write_option_flags
 .text.tm10_read_option_flags
                0x0000000000001a5c       0x36 ./User/main.o
                0x0000000000001a5c                tm10_read_option_flags
 .text.tm10_write_reg_spi
                0x0000000000001a92       0x6e ./User/main.o
                0x0000000000001a92                tm10_write_reg_spi
 .text.tm10_read_reg_spi
                0x0000000000001b00       0xc0 ./User/main.o
                0x0000000000001b00                tm10_read_reg_spi
 .text.tm10_write_request_uart
                0x0000000000001bc0       0x74 ./User/main.o
                0x0000000000001bc0                tm10_write_request_uart
 .text.tm10_read_request_uart
                0x0000000000001c34       0x54 ./User/main.o
                0x0000000000001c34                tm10_read_request_uart
 .text.tm10_handle_rtmi_response
                0x0000000000001c88       0x98 ./User/main.o
                0x0000000000001c88                tm10_handle_rtmi_response
 .text.tm10_handle_read_response
                0x0000000000001d20       0x8a ./User/main.o
                0x0000000000001d20                tm10_handle_read_response
 .text.startup.main
                0x0000000000001daa      0x342 ./User/main.o
                0x0000000000001daa                main
 .text.vector_handler
                0x00000000000020ec        0x2 ./Startup/startup_ch32v20x_D6.o
                0x00000000000020ec                EXTI2_IRQHandler
                0x00000000000020ec                TIM1_CC_IRQHandler
                0x00000000000020ec                SysTick_Handler
                0x00000000000020ec                PVD_IRQHandler
                0x00000000000020ec                EXTI3_IRQHandler
                0x00000000000020ec                USBFS_IRQHandler
                0x00000000000020ec                EXTI0_IRQHandler
                0x00000000000020ec                I2C2_EV_IRQHandler
                0x00000000000020ec                ADC1_2_IRQHandler
                0x00000000000020ec                Break_Point_Handler
                0x00000000000020ec                SPI1_IRQHandler
                0x00000000000020ec                TAMPER_IRQHandler
                0x00000000000020ec                Ecall_M_Mode_Handler
                0x00000000000020ec                DMA1_Channel4_IRQHandler
                0x00000000000020ec                RTC_IRQHandler
                0x00000000000020ec                DMA1_Channel7_IRQHandler
                0x00000000000020ec                CAN1_RX1_IRQHandler
                0x00000000000020ec                TIM4_IRQHandler
                0x00000000000020ec                I2C1_EV_IRQHandler
                0x00000000000020ec                DMA1_Channel6_IRQHandler
                0x00000000000020ec                TIM3_IRQHandler
                0x00000000000020ec                RCC_IRQHandler
                0x00000000000020ec                TIM1_TRG_COM_IRQHandler
                0x00000000000020ec                DMA1_Channel1_IRQHandler
                0x00000000000020ec                EXTI15_10_IRQHandler
                0x00000000000020ec                DMA1_Channel8_IRQHandler
                0x00000000000020ec                EXTI9_5_IRQHandler
                0x00000000000020ec                SPI2_IRQHandler
                0x00000000000020ec                DMA1_Channel5_IRQHandler
                0x00000000000020ec                EXTI4_IRQHandler
                0x00000000000020ec                DMA1_Channel3_IRQHandler
                0x00000000000020ec                TIM1_UP_IRQHandler
                0x00000000000020ec                WWDG_IRQHandler
                0x00000000000020ec                Ecall_U_Mode_Handler
                0x00000000000020ec                TIM2_IRQHandler
                0x00000000000020ec                SW_Handler
                0x00000000000020ec                TIM1_BRK_IRQHandler
                0x00000000000020ec                EXTI1_IRQHandler
                0x00000000000020ec                RTCAlarm_IRQHandler
                0x00000000000020ec                I2C2_ER_IRQHandler
                0x00000000000020ec                DMA1_Channel2_IRQHandler
                0x00000000000020ec                CAN1_SCE_IRQHandler
                0x00000000000020ec                FLASH_IRQHandler
                0x00000000000020ec                USBFSWakeUp_IRQHandler
                0x00000000000020ec                I2C1_ER_IRQHandler
 .text.handle_reset
                0x00000000000020ee       0x86 ./Startup/startup_ch32v20x_D6.o
                0x00000000000020ee                handle_reset
 .text.Delay_Init
                0x0000000000002174       0x2c ./Debug/debug.o
                0x0000000000002174                Delay_Init
 .text.Delay_Us
                0x00000000000021a0       0x36 ./Debug/debug.o
                0x00000000000021a0                Delay_Us
 .text.Delay_Ms
                0x00000000000021d6       0x36 ./Debug/debug.o
                0x00000000000021d6                Delay_Ms
 .text._write   0x000000000000220c       0x1e ./Debug/debug.o
                0x000000000000220c                _write
 .text._sbrk    0x000000000000222a       0x26 ./Debug/debug.o
                0x000000000000222a                _sbrk
 .text.printf   0x0000000000002250       0x40 c:/mounriver/mrs_community/toolchain/risc-v embedded gcc/bin/../lib/gcc/riscv-none-embed/8.2.0/../../../../riscv-none-embed/lib/rv32imac/ilp32\libg_nano.a(lib_a-printf.o)
                0x0000000000002250                iprintf
                0x0000000000002250                printf
 .text._puts_r  0x0000000000002290       0xda c:/mounriver/mrs_community/toolchain/risc-v embedded gcc/bin/../lib/gcc/riscv-none-embed/8.2.0/../../../../riscv-none-embed/lib/rv32imac/ilp32\libg_nano.a(lib_a-puts.o)
                0x0000000000002290                _puts_r
 .text.puts     0x000000000000236a        0xa c:/mounriver/mrs_community/toolchain/risc-v embedded gcc/bin/../lib/gcc/riscv-none-embed/8.2.0/../../../../riscv-none-embed/lib/rv32imac/ilp32\libg_nano.a(lib_a-puts.o)
                0x000000000000236a                puts
 .text.__swbuf_r
                0x0000000000002374       0xc0 c:/mounriver/mrs_community/toolchain/risc-v embedded gcc/bin/../lib/gcc/riscv-none-embed/8.2.0/../../../../riscv-none-embed/lib/rv32imac/ilp32\libg_nano.a(lib_a-wbuf.o)
                0x0000000000002374                __swbuf_r
 .text.__swsetup_r
                0x0000000000002434      0x10c c:/mounriver/mrs_community/toolchain/risc-v embedded gcc/bin/../lib/gcc/riscv-none-embed/8.2.0/../../../../riscv-none-embed/lib/rv32imac/ilp32\libg_nano.a(lib_a-wsetup.o)
                0x0000000000002434                __swsetup_r
 .text.__sflush_r
                0x0000000000002540      0x13c c:/mounriver/mrs_community/toolchain/risc-v embedded gcc/bin/../lib/gcc/riscv-none-embed/8.2.0/../../../../riscv-none-embed/lib/rv32imac/ilp32\libg_nano.a(lib_a-fflush.o)
                0x0000000000002540                __sflush_r
 .text._fflush_r
                0x000000000000267c       0x64 c:/mounriver/mrs_community/toolchain/risc-v embedded gcc/bin/../lib/gcc/riscv-none-embed/8.2.0/../../../../riscv-none-embed/lib/rv32imac/ilp32\libg_nano.a(lib_a-fflush.o)
                0x000000000000267c                _fflush_r
 .text.std      0x00000000000026e0       0x6a c:/mounriver/mrs_community/toolchain/risc-v embedded gcc/bin/../lib/gcc/riscv-none-embed/8.2.0/../../../../riscv-none-embed/lib/rv32imac/ilp32\libg_nano.a(lib_a-findfp.o)
 .text._cleanup_r
                0x000000000000274a        0xa c:/mounriver/mrs_community/toolchain/risc-v embedded gcc/bin/../lib/gcc/riscv-none-embed/8.2.0/../../../../riscv-none-embed/lib/rv32imac/ilp32\libg_nano.a(lib_a-findfp.o)
                0x000000000000274a                _cleanup_r
 .text.__sfmoreglue
                0x0000000000002754       0x46 c:/mounriver/mrs_community/toolchain/risc-v embedded gcc/bin/../lib/gcc/riscv-none-embed/8.2.0/../../../../riscv-none-embed/lib/rv32imac/ilp32\libg_nano.a(lib_a-findfp.o)
                0x0000000000002754                __sfmoreglue
 .text.__sinit  0x000000000000279a       0x66 c:/mounriver/mrs_community/toolchain/risc-v embedded gcc/bin/../lib/gcc/riscv-none-embed/8.2.0/../../../../riscv-none-embed/lib/rv32imac/ilp32\libg_nano.a(lib_a-findfp.o)
                0x000000000000279a                __sinit
 .text.__sfp    0x0000000000002800       0x9c c:/mounriver/mrs_community/toolchain/risc-v embedded gcc/bin/../lib/gcc/riscv-none-embed/8.2.0/../../../../riscv-none-embed/lib/rv32imac/ilp32\libg_nano.a(lib_a-findfp.o)
                0x0000000000002800                __sfp
 .text._fwalk_reent
                0x000000000000289c       0x6c c:/mounriver/mrs_community/toolchain/risc-v embedded gcc/bin/../lib/gcc/riscv-none-embed/8.2.0/../../../../riscv-none-embed/lib/rv32imac/ilp32\libg_nano.a(lib_a-fwalk.o)
                0x000000000000289c                _fwalk_reent
 .text.__swhatbuf_r
                0x0000000000002908       0x5a c:/mounriver/mrs_community/toolchain/risc-v embedded gcc/bin/../lib/gcc/riscv-none-embed/8.2.0/../../../../riscv-none-embed/lib/rv32imac/ilp32\libg_nano.a(lib_a-makebuf.o)
                0x0000000000002908                __swhatbuf_r
 .text.__smakebuf_r
                0x0000000000002962       0x9e c:/mounriver/mrs_community/toolchain/risc-v embedded gcc/bin/../lib/gcc/riscv-none-embed/8.2.0/../../../../riscv-none-embed/lib/rv32imac/ilp32\libg_nano.a(lib_a-makebuf.o)
                0x0000000000002962                __smakebuf_r
 .text._free_r  0x0000000000002a00       0xa8 c:/mounriver/mrs_community/toolchain/risc-v embedded gcc/bin/../lib/gcc/riscv-none-embed/8.2.0/../../../../riscv-none-embed/lib/rv32imac/ilp32\libg_nano.a(lib_a-nano-freer.o)
                0x0000000000002a00                _free_r
 .text._malloc_r
                0x0000000000002aa8       0xd4 c:/mounriver/mrs_community/toolchain/risc-v embedded gcc/bin/../lib/gcc/riscv-none-embed/8.2.0/../../../../riscv-none-embed/lib/rv32imac/ilp32\libg_nano.a(lib_a-nano-mallocr.o)
                0x0000000000002aa8                _malloc_r
 .text.__sfputc_r
                0x0000000000002b7c       0x2a c:/mounriver/mrs_community/toolchain/risc-v embedded gcc/bin/../lib/gcc/riscv-none-embed/8.2.0/../../../../riscv-none-embed/lib/rv32imac/ilp32\libg_nano.a(lib_a-nano-vfprintf.o)
 .text.__sfputs_r
                0x0000000000002ba6       0x42 c:/mounriver/mrs_community/toolchain/risc-v embedded gcc/bin/../lib/gcc/riscv-none-embed/8.2.0/../../../../riscv-none-embed/lib/rv32imac/ilp32\libg_nano.a(lib_a-nano-vfprintf.o)
                0x0000000000002ba6                __sfputs_r
 .text._vfprintf_r
                0x0000000000002be8      0x29a c:/mounriver/mrs_community/toolchain/risc-v embedded gcc/bin/../lib/gcc/riscv-none-embed/8.2.0/../../../../riscv-none-embed/lib/rv32imac/ilp32\libg_nano.a(lib_a-nano-vfprintf.o)
                0x0000000000002be8                _vfprintf_r
                0x0000000000002be8                _vfiprintf_r
 .text._printf_common
                0x0000000000002e82      0x10c c:/mounriver/mrs_community/toolchain/risc-v embedded gcc/bin/../lib/gcc/riscv-none-embed/8.2.0/../../../../riscv-none-embed/lib/rv32imac/ilp32\libg_nano.a(lib_a-nano-vfprintf_i.o)
                0x0000000000002e82                _printf_common
 .text._printf_i
                0x0000000000002f8e      0x2aa c:/mounriver/mrs_community/toolchain/risc-v embedded gcc/bin/../lib/gcc/riscv-none-embed/8.2.0/../../../../riscv-none-embed/lib/rv32imac/ilp32\libg_nano.a(lib_a-nano-vfprintf_i.o)
                0x0000000000002f8e                _printf_i
 .text._sbrk_r  0x0000000000003238       0x2a c:/mounriver/mrs_community/toolchain/risc-v embedded gcc/bin/../lib/gcc/riscv-none-embed/8.2.0/../../../../riscv-none-embed/lib/rv32imac/ilp32\libg_nano.a(lib_a-sbrkr.o)
                0x0000000000003238                _sbrk_r
 .text.__sread  0x0000000000003262       0x30 c:/mounriver/mrs_community/toolchain/risc-v embedded gcc/bin/../lib/gcc/riscv-none-embed/8.2.0/../../../../riscv-none-embed/lib/rv32imac/ilp32\libg_nano.a(lib_a-stdio.o)
                0x0000000000003262                __sread
 .text.__swrite
                0x0000000000003292       0x4e c:/mounriver/mrs_community/toolchain/risc-v embedded gcc/bin/../lib/gcc/riscv-none-embed/8.2.0/../../../../riscv-none-embed/lib/rv32imac/ilp32\libg_nano.a(lib_a-stdio.o)
                0x0000000000003292                __swrite
 .text.__sseek  0x00000000000032e0       0x36 c:/mounriver/mrs_community/toolchain/risc-v embedded gcc/bin/../lib/gcc/riscv-none-embed/8.2.0/../../../../riscv-none-embed/lib/rv32imac/ilp32\libg_nano.a(lib_a-stdio.o)
                0x00000000000032e0                __sseek
 .text.__sclose
                0x0000000000003316        0x6 c:/mounriver/mrs_community/toolchain/risc-v embedded gcc/bin/../lib/gcc/riscv-none-embed/8.2.0/../../../../riscv-none-embed/lib/rv32imac/ilp32\libg_nano.a(lib_a-stdio.o)
                0x0000000000003316                __sclose
 .text._write_r
                0x000000000000331c       0x2e c:/mounriver/mrs_community/toolchain/risc-v embedded gcc/bin/../lib/gcc/riscv-none-embed/8.2.0/../../../../riscv-none-embed/lib/rv32imac/ilp32\libg_nano.a(lib_a-writer.o)
                0x000000000000331c                _write_r
 .text._close_r
                0x000000000000334a       0x28 c:/mounriver/mrs_community/toolchain/risc-v embedded gcc/bin/../lib/gcc/riscv-none-embed/8.2.0/../../../../riscv-none-embed/lib/rv32imac/ilp32\libg_nano.a(lib_a-closer.o)
                0x000000000000334a                _close_r
 .text._fstat_r
                0x0000000000003372       0x2a c:/mounriver/mrs_community/toolchain/risc-v embedded gcc/bin/../lib/gcc/riscv-none-embed/8.2.0/../../../../riscv-none-embed/lib/rv32imac/ilp32\libg_nano.a(lib_a-fstatr.o)
                0x0000000000003372                _fstat_r
 .text._isatty_r
                0x000000000000339c       0x28 c:/mounriver/mrs_community/toolchain/risc-v embedded gcc/bin/../lib/gcc/riscv-none-embed/8.2.0/../../../../riscv-none-embed/lib/rv32imac/ilp32\libg_nano.a(lib_a-isattyr.o)
                0x000000000000339c                _isatty_r
 .text._lseek_r
                0x00000000000033c4       0x2c c:/mounriver/mrs_community/toolchain/risc-v embedded gcc/bin/../lib/gcc/riscv-none-embed/8.2.0/../../../../riscv-none-embed/lib/rv32imac/ilp32\libg_nano.a(lib_a-lseekr.o)
                0x00000000000033c4                _lseek_r
 .text.memchr   0x00000000000033f0       0x1a c:/mounriver/mrs_community/toolchain/risc-v embedded gcc/bin/../lib/gcc/riscv-none-embed/8.2.0/../../../../riscv-none-embed/lib/rv32imac/ilp32\libg_nano.a(lib_a-memchr.o)
                0x00000000000033f0                memchr
 .text.__malloc_lock
                0x000000000000340a        0x2 c:/mounriver/mrs_community/toolchain/risc-v embedded gcc/bin/../lib/gcc/riscv-none-embed/8.2.0/../../../../riscv-none-embed/lib/rv32imac/ilp32\libg_nano.a(lib_a-mlock.o)
                0x000000000000340a                __malloc_lock
 .text.__malloc_unlock
                0x000000000000340c        0x2 c:/mounriver/mrs_community/toolchain/risc-v embedded gcc/bin/../lib/gcc/riscv-none-embed/8.2.0/../../../../riscv-none-embed/lib/rv32imac/ilp32\libg_nano.a(lib_a-mlock.o)
                0x000000000000340c                __malloc_unlock
 .text._read_r  0x000000000000340e       0x2c c:/mounriver/mrs_community/toolchain/risc-v embedded gcc/bin/../lib/gcc/riscv-none-embed/8.2.0/../../../../riscv-none-embed/lib/rv32imac/ilp32\libg_nano.a(lib_a-readr.o)
                0x000000000000340e                _read_r
 .text._close   0x000000000000343a        0xc c:/mounriver/mrs_community/toolchain/risc-v embedded gcc/bin/../lib/gcc/riscv-none-embed/8.2.0/../../../../riscv-none-embed/lib/rv32imac/ilp32\libnosys.a(close.o)
                0x000000000000343a                _close
 .text._fstat   0x0000000000003446        0xc c:/mounriver/mrs_community/toolchain/risc-v embedded gcc/bin/../lib/gcc/riscv-none-embed/8.2.0/../../../../riscv-none-embed/lib/rv32imac/ilp32\libnosys.a(fstat.o)
                0x0000000000003446                _fstat
 .text._isatty  0x0000000000003452        0xc c:/mounriver/mrs_community/toolchain/risc-v embedded gcc/bin/../lib/gcc/riscv-none-embed/8.2.0/../../../../riscv-none-embed/lib/rv32imac/ilp32\libnosys.a(isatty.o)
                0x0000000000003452                _isatty
 .text._lseek   0x000000000000345e        0xc c:/mounriver/mrs_community/toolchain/risc-v embedded gcc/bin/../lib/gcc/riscv-none-embed/8.2.0/../../../../riscv-none-embed/lib/rv32imac/ilp32\libnosys.a(lseek.o)
                0x000000000000345e                _lseek
 .text._read    0x000000000000346a        0xc c:/mounriver/mrs_community/toolchain/risc-v embedded gcc/bin/../lib/gcc/riscv-none-embed/8.2.0/../../../../riscv-none-embed/lib/rv32imac/ilp32\libnosys.a(read.o)
                0x000000000000346a                _read
 *(.rodata)
 *(.rodata*)
 *fill*         0x0000000000003476        0x2 
 .rodata.cdc_on_setup
                0x0000000000003478       0x44 ./user_libs/ch32v203_usbd_cdc.o
 .rodata.cdc_config_descriptor
                0x00000000000034bc       0x43 ./user_libs/ch32v203_usbd_cdc.o
 *fill*         0x00000000000034ff        0x1 
 .rodata.cdc_device_descriptor
                0x0000000000003500       0x12 ./user_libs/ch32v203_usbd_cdc.o
 .rodata.cdc_serial_state
                0x0000000000003512        0xa ./user_libs/ch32v203_usbd_cdc.o
 .rodata.cdc_string_product
                0x000000000000351c       0x16 ./user_libs/ch32v203_usbd_cdc.o
 .rodata.cdc_string_serial
                0x0000000000003532       0x16 ./user_libs/ch32v203_usbd_cdc.o
 .rodata.cdc_string_vendor
                0x0000000000003548        0xe ./user_libs/ch32v203_usbd_cdc.o
 *fill*         0x0000000000003556        0x2 
 .rodata.usbd_config
                0x0000000000003558       0x32 ./user_libs/ch32v203_usbd_cdc.o
 *fill*         0x000000000000358a        0x2 
 .rodata.main.str1.4
                0x000000000000358c       0xa9 ./User/main.o
 *fill*         0x0000000000003635        0x3 
 .rodata.__sf_fake_stderr
                0x0000000000003638       0x20 c:/mounriver/mrs_community/toolchain/risc-v embedded gcc/bin/../lib/gcc/riscv-none-embed/8.2.0/../../../../riscv-none-embed/lib/rv32imac/ilp32\libg_nano.a(lib_a-findfp.o)
                0x0000000000003638                __sf_fake_stderr
 .rodata.__sf_fake_stdin
                0x0000000000003658       0x20 c:/mounriver/mrs_community/toolchain/risc-v embedded gcc/bin/../lib/gcc/riscv-none-embed/8.2.0/../../../../riscv-none-embed/lib/rv32imac/ilp32\libg_nano.a(lib_a-findfp.o)
                0x0000000000003658                __sf_fake_stdin
 .rodata.__sf_fake_stdout
                0x0000000000003678       0x20 c:/mounriver/mrs_community/toolchain/risc-v embedded gcc/bin/../lib/gcc/riscv-none-embed/8.2.0/../../../../riscv-none-embed/lib/rv32imac/ilp32\libg_nano.a(lib_a-findfp.o)
                0x0000000000003678                __sf_fake_stdout
 .rodata._vfprintf_r.str1.4
                0x0000000000003698       0x13 c:/mounriver/mrs_community/toolchain/risc-v embedded gcc/bin/../lib/gcc/riscv-none-embed/8.2.0/../../../../riscv-none-embed/lib/rv32imac/ilp32\libg_nano.a(lib_a-nano-vfprintf.o)
 *fill*         0x00000000000036ab        0x1 
 .rodata._printf_i.str1.4
                0x00000000000036ac       0x28 c:/mounriver/mrs_community/toolchain/risc-v embedded gcc/bin/../lib/gcc/riscv-none-embed/8.2.0/../../../../riscv-none-embed/lib/rv32imac/ilp32\libg_nano.a(lib_a-nano-vfprintf_i.o)
                                         0x25 (size before relaxing)
 *(.gnu.linkonce.t.*)
                0x00000000000036d4                . = ALIGN (0x4)

.rela.dyn       0x00000000000036d4        0x0
 .rela.init     0x00000000000036d4        0x0 ./user_libs/ch32v203_gpio.o
 .rela.vector   0x00000000000036d4        0x0 ./user_libs/ch32v203_gpio.o
 .rela.text.handle_reset
                0x00000000000036d4        0x0 ./user_libs/ch32v203_gpio.o
 .rela.text._sbrk
                0x00000000000036d4        0x0 ./user_libs/ch32v203_gpio.o
 .rela.sdata.curbrk.3379
                0x00000000000036d4        0x0 ./user_libs/ch32v203_gpio.o
 .rela.text._vfprintf_r
                0x00000000000036d4        0x0 ./user_libs/ch32v203_gpio.o
 .rela.text._sbrk_r
                0x00000000000036d4        0x0 ./user_libs/ch32v203_gpio.o
 .rela.text._write_r
                0x00000000000036d4        0x0 ./user_libs/ch32v203_gpio.o
 .rela.text._close_r
                0x00000000000036d4        0x0 ./user_libs/ch32v203_gpio.o
 .rela.text._fstat_r
                0x00000000000036d4        0x0 ./user_libs/ch32v203_gpio.o
 .rela.text._isatty_r
                0x00000000000036d4        0x0 ./user_libs/ch32v203_gpio.o
 .rela.text._lseek_r
                0x00000000000036d4        0x0 ./user_libs/ch32v203_gpio.o
 .rela.text._read_r
                0x00000000000036d4        0x0 ./user_libs/ch32v203_gpio.o
 .rela.text._close
                0x00000000000036d4        0x0 ./user_libs/ch32v203_gpio.o
 .rela.text._fstat
                0x00000000000036d4        0x0 ./user_libs/ch32v203_gpio.o
 .rela.text._isatty
                0x00000000000036d4        0x0 ./user_libs/ch32v203_gpio.o
 .rela.text._lseek
                0x00000000000036d4        0x0 ./user_libs/ch32v203_gpio.o
 .rela.text._read
                0x00000000000036d4        0x0 ./user_libs/ch32v203_gpio.o

.fini           0x00000000000036d4        0x0
 *(SORT_NONE(.fini))
                0x00000000000036d4                . = ALIGN (0x4)
                [!provide]                        PROVIDE (_etext = .)
                [!provide]                        PROVIDE (_eitcm = .)

.preinit_array  0x00000000000036d4        0x0
                [!provide]                        PROVIDE (__preinit_array_start = .)
 *(.preinit_array)
                [!provide]                        PROVIDE (__preinit_array_end = .)

.init_array     0x00000000000036d4        0x0
                [!provide]                        PROVIDE (__init_array_start = .)
 *(SORT_BY_INIT_PRIORITY(.init_array.*) SORT_BY_INIT_PRIORITY(.ctors.*))
 *(.init_array EXCLUDE_FILE(*crtend?.o *crtend.o *crtbegin?.o *crtbegin.o) .ctors)
                [!provide]                        PROVIDE (__init_array_end = .)

.fini_array     0x00000000000036d4        0x0
                [!provide]                        PROVIDE (__fini_array_start = .)
 *(SORT_BY_INIT_PRIORITY(.fini_array.*) SORT_BY_INIT_PRIORITY(.dtors.*))
 *(.fini_array EXCLUDE_FILE(*crtend?.o *crtend.o *crtbegin?.o *crtbegin.o) .dtors)
                [!provide]                        PROVIDE (__fini_array_end = .)

.ctors
 *crtbegin.o(.ctors)
 *crtbegin?.o(.ctors)
 *(EXCLUDE_FILE(*crtend?.o *crtend.o) .ctors)
 *(SORT_BY_NAME(.ctors.*))
 *(.ctors)

.dtors
 *crtbegin.o(.dtors)
 *crtbegin?.o(.dtors)
 *(EXCLUDE_FILE(*crtend?.o *crtend.o) .dtors)
 *(SORT_BY_NAME(.dtors.*))
 *(.dtors)

.dalign         0x0000000020000000        0x0 load address 0x00000000000036d4
                0x0000000020000000                . = ALIGN (0x4)
                0x0000000020000000                PROVIDE (_data_vma = .)

.dlalign        0x00000000000036d4        0x0
                0x00000000000036d4                . = ALIGN (0x4)
                0x00000000000036d4                PROVIDE (_data_lma = .)

.data           0x0000000020000000       0x80 load address 0x00000000000036d4
 *(.gnu.linkonce.r.*)
 *(.data .data.*)
 .data.impure_data
                0x0000000020000000       0x60 c:/mounriver/mrs_community/toolchain/risc-v embedded gcc/bin/../lib/gcc/riscv-none-embed/8.2.0/../../../../riscv-none-embed/lib/rv32imac/ilp32\libg_nano.a(lib_a-impure.o)
 *(.gnu.linkonce.d.*)
                0x0000000020000060                . = ALIGN (0x8)
                0x0000000020000860                PROVIDE (__global_pointer$ = (. + 0x800))
 *(.sdata .sdata.*)
 .sdata.cdc_line_coding
                0x0000000020000060        0x8 ./user_libs/ch32v203_usbd_cdc.o
                0x0000000020000060                cdc_line_coding
 .sdata.crc8_poly
                0x0000000020000068        0x1 ./User/main.o
                0x0000000020000068                crc8_poly
 .sdata.read_res_len
                0x0000000020000069        0x1 ./User/main.o
                0x0000000020000069                read_res_len
 .sdata.rtmi_res_len
                0x000000002000006a        0x1 ./User/main.o
                0x000000002000006a                rtmi_res_len
 *fill*         0x000000002000006b        0x1 
 .sdata.curbrk.3379
                0x000000002000006c        0x4 ./Debug/debug.o
 .sdata._impure_ptr
                0x0000000020000070        0x4 c:/mounriver/mrs_community/toolchain/risc-v embedded gcc/bin/../lib/gcc/riscv-none-embed/8.2.0/../../../../riscv-none-embed/lib/rv32imac/ilp32\libg_nano.a(lib_a-impure.o)
                0x0000000020000070                _impure_ptr
 *(.sdata2.*)
 .sdata2.cdc_string_lang_id
                0x0000000020000074        0x4 ./user_libs/ch32v203_usbd_cdc.o
 .sdata2._global_impure_ptr
                0x0000000020000078        0x4 c:/mounriver/mrs_community/toolchain/risc-v embedded gcc/bin/../lib/gcc/riscv-none-embed/8.2.0/../../../../riscv-none-embed/lib/rv32imac/ilp32\libg_nano.a(lib_a-impure.o)
                0x0000000020000078                _global_impure_ptr
 *(.gnu.linkonce.s.*)
                0x0000000020000080                . = ALIGN (0x8)
 *fill*         0x000000002000007c        0x4 
 *(.srodata.cst16)
 *(.srodata.cst8)
 *(.srodata.cst4)
 *(.srodata.cst2)
 *(.srodata .srodata.*)
                0x0000000020000080                . = ALIGN (0x4)
                0x0000000020000080                PROVIDE (_edata = .)

.bss            0x0000000020000080      0x8ac load address 0x0000000000003754
                0x0000000020000080                . = ALIGN (0x4)
                0x0000000020000080                PROVIDE (_sbss = .)
 *(.sbss*)
 .sbss.sof_count
                0x0000000020000080        0x2 ./user_libs/ch32v203_usbd.o
                0x0000000020000080                sof_count
 *fill*         0x0000000020000082        0x2 
 .sbss.usbd_esof_callback
                0x0000000020000084        0x4 ./user_libs/ch32v203_usbd.o
                0x0000000020000084                usbd_esof_callback
 .sbss.usbd_in_callback
                0x0000000020000088        0x4 ./user_libs/ch32v203_usbd.o
                0x0000000020000088                usbd_in_callback
 .sbss.usbd_out_callback
                0x000000002000008c        0x4 ./user_libs/ch32v203_usbd.o
                0x000000002000008c                usbd_out_callback
 .sbss.usbd_reset_callback
                0x0000000020000090        0x4 ./user_libs/ch32v203_usbd.o
                0x0000000020000090                usbd_reset_callback
 .sbss.usbd_setup_callback
                0x0000000020000094        0x4 ./user_libs/ch32v203_usbd.o
                0x0000000020000094                usbd_setup_callback
 .sbss.usbd_sof_callback
                0x0000000020000098        0x4 ./user_libs/ch32v203_usbd.o
                0x0000000020000098                usbd_sof_callback
 .sbss.usbd_suspend_callback
                0x000000002000009c        0x4 ./user_libs/ch32v203_usbd.o
                0x000000002000009c                usbd_suspend_callback
 .sbss.usbd_wakeup_callback
                0x00000000200000a0        0x4 ./user_libs/ch32v203_usbd.o
                0x00000000200000a0                usbd_wakeup_callback
 .sbss.cdc_address
                0x00000000200000a4        0x1 ./user_libs/ch32v203_usbd_cdc.o
                0x00000000200000a4                cdc_address
 .sbss.cdc_config
                0x00000000200000a5        0x1 ./user_libs/ch32v203_usbd_cdc.o
                0x00000000200000a5                cdc_config
 .sbss.cdc_control_line_state
                0x00000000200000a6        0x1 ./user_libs/ch32v203_usbd_cdc.o
                0x00000000200000a6                cdc_control_line_state
 *fill*         0x00000000200000a7        0x1 
 .sbss.cdc_last_data_time
                0x00000000200000a8        0x2 ./user_libs/ch32v203_usbd_cdc.o
                0x00000000200000a8                cdc_last_data_time
 .sbss.cdc_last_status_time
                0x00000000200000aa        0x2 ./user_libs/ch32v203_usbd_cdc.o
                0x00000000200000aa                cdc_last_status_time
 .sbss.cdc_setup_buf
                0x00000000200000ac        0x8 ./user_libs/ch32v203_usbd_cdc.o
                0x00000000200000ac                cdc_setup_buf
 .sbss.descriptor_ptr
                0x00000000200000b4        0x4 ./user_libs/ch32v203_usbd_cdc.o
                0x00000000200000b4                descriptor_ptr
 .sbss.ep2_read_select
                0x00000000200000b8        0x1 ./user_libs/ch32v203_usbd_cdc.o
                0x00000000200000b8                ep2_read_select
 .sbss.ep2_t0_num_bytes
                0x00000000200000b9        0x1 ./user_libs/ch32v203_usbd_cdc.o
                0x00000000200000b9                ep2_t0_num_bytes
 .sbss.ep2_t0_read_offset
                0x00000000200000ba        0x1 ./user_libs/ch32v203_usbd_cdc.o
                0x00000000200000ba                ep2_t0_read_offset
 .sbss.ep2_t1_num_bytes
                0x00000000200000bb        0x1 ./user_libs/ch32v203_usbd_cdc.o
                0x00000000200000bb                ep2_t1_num_bytes
 .sbss.ep2_t1_read_offset
                0x00000000200000bc        0x1 ./user_libs/ch32v203_usbd_cdc.o
                0x00000000200000bc                ep2_t1_read_offset
 .sbss.ep3_t0_num_bytes
                0x00000000200000bd        0x1 ./user_libs/ch32v203_usbd_cdc.o
                0x00000000200000bd                ep3_t0_num_bytes
 .sbss.ep3_t1_num_bytes
                0x00000000200000be        0x1 ./user_libs/ch32v203_usbd_cdc.o
                0x00000000200000be                ep3_t1_num_bytes
 .sbss.ep3_wip  0x00000000200000bf        0x1 ./user_libs/ch32v203_usbd_cdc.o
                0x00000000200000bf                ep3_wip
 .sbss.ep3_write_select
                0x00000000200000c0        0x1 ./user_libs/ch32v203_usbd_cdc.o
                0x00000000200000c0                ep3_write_select
 .sbss.crc8_lfsr
                0x00000000200000c1        0x1 ./User/main.o
                0x00000000200000c1                crc8_lfsr
 *fill*         0x00000000200000c2        0x2 
 .sbss.option_flags
                0x00000000200000c4        0x4 ./User/main.o
                0x00000000200000c4                option_flags
 .sbss.rtmi_channel_id
                0x00000000200000c8        0x1 ./User/main.o
                0x00000000200000c8                rtmi_channel_id
 *fill*         0x00000000200000c9        0x1 
 .sbss.p_ms     0x00000000200000ca        0x2 ./Debug/debug.o
 .sbss.p_us     0x00000000200000cc        0x1 ./Debug/debug.o
 *fill*         0x00000000200000cd        0x3 
 .sbss.__malloc_free_list
                0x00000000200000d0        0x4 c:/mounriver/mrs_community/toolchain/risc-v embedded gcc/bin/../lib/gcc/riscv-none-embed/8.2.0/../../../../riscv-none-embed/lib/rv32imac/ilp32\libg_nano.a(lib_a-nano-mallocr.o)
                0x00000000200000d0                __malloc_free_list
 .sbss.__malloc_sbrk_start
                0x00000000200000d4        0x4 c:/mounriver/mrs_community/toolchain/risc-v embedded gcc/bin/../lib/gcc/riscv-none-embed/8.2.0/../../../../riscv-none-embed/lib/rv32imac/ilp32\libg_nano.a(lib_a-nano-mallocr.o)
                0x00000000200000d4                __malloc_sbrk_start
 *(.gnu.linkonce.sb.*)
 *(.bss*)
 .bss.uart1_rx_buf
                0x00000000200000d8      0x400 ./user_libs/ch32v203_uart.o
                0x00000000200000d8                uart1_rx_buf
 .bss.uart1_rx_fifo_i
                0x00000000200004d8       0x10 ./user_libs/ch32v203_uart.o
                0x00000000200004d8                uart1_rx_fifo_i
 .bss.uart1_tx_buf
                0x00000000200004e8      0x400 ./user_libs/ch32v203_uart.o
                0x00000000200004e8                uart1_tx_buf
 .bss.uart1_tx_fifo_i
                0x00000000200008e8       0x10 ./user_libs/ch32v203_uart.o
                0x00000000200008e8                uart1_tx_fifo_i
 .bss.ep_config
                0x00000000200008f8       0x10 ./user_libs/ch32v203_usbd.o
                0x00000000200008f8                ep_config
 .bss.prev_rtmi_responses
                0x0000000020000908       0x20 ./User/main.o
                0x0000000020000908                prev_rtmi_responses
 *(.gnu.linkonce.b.*)
 *(COMMON*)
 COMMON         0x0000000020000928        0x4 c:/mounriver/mrs_community/toolchain/risc-v embedded gcc/bin/../lib/gcc/riscv-none-embed/8.2.0/../../../../riscv-none-embed/lib/rv32imac/ilp32\libg_nano.a(lib_a-reent.o)
                0x0000000020000928                errno
                0x000000002000092c                . = ALIGN (0x4)
                0x000000002000092c                PROVIDE (_ebss = .)
                0x000000002000092c                PROVIDE (_end = _ebss)
                [!provide]                        PROVIDE (end = .)

.stack          0x0000000020004800      0x800
                0x0000000020004800                PROVIDE (_heap_end = .)
                0x0000000020004800                . = ALIGN (0x4)
                [!provide]                        PROVIDE (_susrstack = .)
                0x0000000020005000                . = (. + __stack_size)
 *fill*         0x0000000020004800      0x800 
                0x0000000020005000                PROVIDE (_eusrstack = .)
OUTPUT(Alchemy_TM10_UART_CRC.elf elf32-littleriscv)

.debug_info     0x0000000000000000     0x5a69
 .debug_info    0x0000000000000000      0x205 ./user_libs/ch32v203_gpio.o
 .debug_info    0x0000000000000205      0x3c7 ./user_libs/ch32v203_rcc.o
 .debug_info    0x00000000000005cc      0x241 ./user_libs/ch32v203_spi.o
 .debug_info    0x000000000000080d      0x874 ./user_libs/ch32v203_uart.o
 .debug_info    0x0000000000001081      0x960 ./user_libs/ch32v203_usbd.o
 .debug_info    0x00000000000019e1      0xb59 ./user_libs/ch32v203_usbd_cdc.o
 .debug_info    0x000000000000253a      0x2aa ./user_libs/fifo.o
 .debug_info    0x00000000000027e4      0x93e ./User/ch32v20x_it.o
 .debug_info    0x0000000000003122     0x1c79 ./User/main.o
 .debug_info    0x0000000000004d9b       0x22 ./Startup/startup_ch32v20x_D6.o
 .debug_info    0x0000000000004dbd      0xcac ./Debug/debug.o

.debug_abbrev   0x0000000000000000     0x135b
 .debug_abbrev  0x0000000000000000      0x117 ./user_libs/ch32v203_gpio.o
 .debug_abbrev  0x0000000000000117      0x163 ./user_libs/ch32v203_rcc.o
 .debug_abbrev  0x000000000000027a       0xe3 ./user_libs/ch32v203_spi.o
 .debug_abbrev  0x000000000000035d      0x21f ./user_libs/ch32v203_uart.o
 .debug_abbrev  0x000000000000057c      0x282 ./user_libs/ch32v203_usbd.o
 .debug_abbrev  0x00000000000007fe      0x2b8 ./user_libs/ch32v203_usbd_cdc.o
 .debug_abbrev  0x0000000000000ab6      0x102 ./user_libs/fifo.o
 .debug_abbrev  0x0000000000000bb8      0x1bc ./User/ch32v20x_it.o
 .debug_abbrev  0x0000000000000d74      0x350 ./User/main.o
 .debug_abbrev  0x00000000000010c4       0x12 ./Startup/startup_ch32v20x_D6.o
 .debug_abbrev  0x00000000000010d6      0x285 ./Debug/debug.o

.debug_loc      0x0000000000000000     0x1893
 .debug_loc     0x0000000000000000      0x100 ./user_libs/ch32v203_gpio.o
 .debug_loc     0x0000000000000100      0x1b4 ./user_libs/ch32v203_rcc.o
 .debug_loc     0x00000000000002b4       0x42 ./user_libs/ch32v203_spi.o
 .debug_loc     0x00000000000002f6      0x620 ./user_libs/ch32v203_uart.o
 .debug_loc     0x0000000000000916      0x353 ./user_libs/ch32v203_usbd.o
 .debug_loc     0x0000000000000c69      0x59d ./user_libs/ch32v203_usbd_cdc.o
 .debug_loc     0x0000000000001206      0x3dd ./user_libs/fifo.o
 .debug_loc     0x00000000000015e3      0x1c0 ./User/main.o
 .debug_loc     0x00000000000017a3       0xf0 ./Debug/debug.o

.debug_aranges  0x0000000000000000      0x368
 .debug_aranges
                0x0000000000000000       0x28 ./user_libs/ch32v203_gpio.o
 .debug_aranges
                0x0000000000000028       0x58 ./user_libs/ch32v203_rcc.o
 .debug_aranges
                0x0000000000000080       0x28 ./user_libs/ch32v203_spi.o
 .debug_aranges
                0x00000000000000a8       0x90 ./user_libs/ch32v203_uart.o
 .debug_aranges
                0x0000000000000138       0x58 ./user_libs/ch32v203_usbd.o
 .debug_aranges
                0x0000000000000190       0x98 ./user_libs/ch32v203_usbd_cdc.o
 .debug_aranges
                0x0000000000000228       0x40 ./user_libs/fifo.o
 .debug_aranges
                0x0000000000000268       0x28 ./User/ch32v20x_it.o
 .debug_aranges
                0x0000000000000290       0x68 ./User/main.o
 .debug_aranges
                0x00000000000002f8       0x30 ./Startup/startup_ch32v20x_D6.o
 .debug_aranges
                0x0000000000000328       0x40 ./Debug/debug.o

.debug_ranges   0x0000000000000000      0x378
 .debug_ranges  0x0000000000000000       0x30 ./user_libs/ch32v203_gpio.o
 .debug_ranges  0x0000000000000030       0x48 ./user_libs/ch32v203_rcc.o
 .debug_ranges  0x0000000000000078       0x18 ./user_libs/ch32v203_spi.o
 .debug_ranges  0x0000000000000090       0x80 ./user_libs/ch32v203_uart.o
 .debug_ranges  0x0000000000000110       0x98 ./user_libs/ch32v203_usbd.o
 .debug_ranges  0x00000000000001a8       0xa0 ./user_libs/ch32v203_usbd_cdc.o
 .debug_ranges  0x0000000000000248       0x30 ./user_libs/fifo.o
 .debug_ranges  0x0000000000000278       0x18 ./User/ch32v20x_it.o
 .debug_ranges  0x0000000000000290       0x90 ./User/main.o
 .debug_ranges  0x0000000000000320       0x28 ./Startup/startup_ch32v20x_D6.o
 .debug_ranges  0x0000000000000348       0x30 ./Debug/debug.o

.debug_line     0x0000000000000000     0x618b
 .debug_line    0x0000000000000000      0x322 ./user_libs/ch32v203_gpio.o
 .debug_line    0x0000000000000322      0x6a2 ./user_libs/ch32v203_rcc.o
 .debug_line    0x00000000000009c4      0x209 ./user_libs/ch32v203_spi.o
 .debug_line    0x0000000000000bcd      0xc88 ./user_libs/ch32v203_uart.o
 .debug_line    0x0000000000001855      0xc2d ./user_libs/ch32v203_usbd.o
 .debug_line    0x0000000000002482     0x1d09 ./user_libs/ch32v203_usbd_cdc.o
 .debug_line    0x000000000000418b      0x61f ./user_libs/fifo.o
 .debug_line    0x00000000000047aa      0x169 ./User/ch32v20x_it.o
 .debug_line    0x0000000000004913     0x1262 ./User/main.o
 .debug_line    0x0000000000005b75      0x121 ./Startup/startup_ch32v20x_D6.o
 .debug_line    0x0000000000005c96      0x4f5 ./Debug/debug.o

.debug_str      0x0000000000000000     0x16b7
 .debug_str     0x0000000000000000      0x1e5 ./user_libs/ch32v203_gpio.o
                                        0x238 (size before relaxing)
 .debug_str     0x00000000000001e5      0x1a8 ./user_libs/ch32v203_rcc.o
                                        0x360 (size before relaxing)
 .debug_str     0x000000000000038d       0xd9 ./user_libs/ch32v203_spi.o
                                        0x284 (size before relaxing)
 .debug_str     0x0000000000000466      0x29b ./user_libs/ch32v203_uart.o
                                        0x502 (size before relaxing)
 .debug_str     0x0000000000000701      0x5c7 ./user_libs/ch32v203_usbd.o
                                        0x801 (size before relaxing)
 .debug_str     0x0000000000000cc8      0x386 ./user_libs/ch32v203_usbd_cdc.o
                                        0x775 (size before relaxing)
 .debug_str     0x000000000000104e       0x4c ./user_libs/fifo.o
                                        0x258 (size before relaxing)
 .debug_str     0x000000000000109a      0x3d2 ./User/ch32v20x_it.o
                                        0x597 (size before relaxing)
 .debug_str     0x000000000000146c      0x1c5 ./User/main.o
                                        0xe8a (size before relaxing)
 .debug_str     0x0000000000001631       0x2d ./Startup/startup_ch32v20x_D6.o
                                         0x70 (size before relaxing)
 .debug_str     0x000000000000165e       0x59 ./Debug/debug.o
                                        0x780 (size before relaxing)

.comment        0x0000000000000000       0x33
 .comment       0x0000000000000000       0x33 ./user_libs/ch32v203_gpio.o
                                         0x34 (size before relaxing)
 .comment       0x0000000000000033       0x34 ./user_libs/ch32v203_rcc.o
 .comment       0x0000000000000033       0x34 ./user_libs/ch32v203_spi.o
 .comment       0x0000000000000033       0x34 ./user_libs/ch32v203_uart.o
 .comment       0x0000000000000033       0x34 ./user_libs/ch32v203_usbd.o
 .comment       0x0000000000000033       0x34 ./user_libs/ch32v203_usbd_cdc.o
 .comment       0x0000000000000033       0x34 ./user_libs/fifo.o
 .comment       0x0000000000000033       0x34 ./User/ch32v20x_it.o
 .comment       0x0000000000000033       0x34 ./User/main.o
 .comment       0x0000000000000033       0x34 ./Debug/debug.o

.debug_frame    0x0000000000000000     0x1168
 .debug_frame   0x0000000000000000       0x30 ./user_libs/ch32v203_gpio.o
 .debug_frame   0x0000000000000030       0xd0 ./user_libs/ch32v203_rcc.o
 .debug_frame   0x0000000000000100       0x30 ./user_libs/ch32v203_spi.o
 .debug_frame   0x0000000000000130      0x1d0 ./user_libs/ch32v203_uart.o
 .debug_frame   0x0000000000000300       0xc0 ./user_libs/ch32v203_usbd.o
 .debug_frame   0x00000000000003c0      0x220 ./user_libs/ch32v203_usbd_cdc.o
 .debug_frame   0x00000000000005e0       0x60 ./user_libs/fifo.o
 .debug_frame   0x0000000000000640       0x30 ./User/ch32v20x_it.o
 .debug_frame   0x0000000000000670      0x168 ./User/main.o
 .debug_frame   0x00000000000007d8       0x7c ./Debug/debug.o
 .debug_frame   0x0000000000000854       0x54 c:/mounriver/mrs_community/toolchain/risc-v embedded gcc/bin/../lib/gcc/riscv-none-embed/8.2.0/../../../../riscv-none-embed/lib/rv32imac/ilp32\libg_nano.a(lib_a-printf.o)
 .debug_frame   0x00000000000008a8       0x54 c:/mounriver/mrs_community/toolchain/risc-v embedded gcc/bin/../lib/gcc/riscv-none-embed/8.2.0/../../../../riscv-none-embed/lib/rv32imac/ilp32\libg_nano.a(lib_a-puts.o)
 .debug_frame   0x00000000000008fc       0x50 c:/mounriver/mrs_community/toolchain/risc-v embedded gcc/bin/../lib/gcc/riscv-none-embed/8.2.0/../../../../riscv-none-embed/lib/rv32imac/ilp32\libg_nano.a(lib_a-wbuf.o)
 .debug_frame   0x000000000000094c       0x3c c:/mounriver/mrs_community/toolchain/risc-v embedded gcc/bin/../lib/gcc/riscv-none-embed/8.2.0/../../../../riscv-none-embed/lib/rv32imac/ilp32\libg_nano.a(lib_a-wsetup.o)
 .debug_frame   0x0000000000000988       0x7c c:/mounriver/mrs_community/toolchain/risc-v embedded gcc/bin/../lib/gcc/riscv-none-embed/8.2.0/../../../../riscv-none-embed/lib/rv32imac/ilp32\libg_nano.a(lib_a-fflush.o)
 .debug_frame   0x0000000000000a04      0x148 c:/mounriver/mrs_community/toolchain/risc-v embedded gcc/bin/../lib/gcc/riscv-none-embed/8.2.0/../../../../riscv-none-embed/lib/rv32imac/ilp32\libg_nano.a(lib_a-findfp.o)
 .debug_frame   0x0000000000000b4c       0x88 c:/mounriver/mrs_community/toolchain/risc-v embedded gcc/bin/../lib/gcc/riscv-none-embed/8.2.0/../../../../riscv-none-embed/lib/rv32imac/ilp32\libg_nano.a(lib_a-fwalk.o)
 .debug_frame   0x0000000000000bd4       0x64 c:/mounriver/mrs_community/toolchain/risc-v embedded gcc/bin/../lib/gcc/riscv-none-embed/8.2.0/../../../../riscv-none-embed/lib/rv32imac/ilp32\libg_nano.a(lib_a-makebuf.o)
 .debug_frame   0x0000000000000c38       0x40 c:/mounriver/mrs_community/toolchain/risc-v embedded gcc/bin/../lib/gcc/riscv-none-embed/8.2.0/../../../../riscv-none-embed/lib/rv32imac/ilp32\libg_nano.a(lib_a-nano-freer.o)
 .debug_frame   0x0000000000000c78       0x40 c:/mounriver/mrs_community/toolchain/risc-v embedded gcc/bin/../lib/gcc/riscv-none-embed/8.2.0/../../../../riscv-none-embed/lib/rv32imac/ilp32\libg_nano.a(lib_a-nano-mallocr.o)
 .debug_frame   0x0000000000000cb8       0xd0 c:/mounriver/mrs_community/toolchain/risc-v embedded gcc/bin/../lib/gcc/riscv-none-embed/8.2.0/../../../../riscv-none-embed/lib/rv32imac/ilp32\libg_nano.a(lib_a-nano-vfprintf.o)
 .debug_frame   0x0000000000000d88       0x8c c:/mounriver/mrs_community/toolchain/risc-v embedded gcc/bin/../lib/gcc/riscv-none-embed/8.2.0/../../../../riscv-none-embed/lib/rv32imac/ilp32\libg_nano.a(lib_a-nano-vfprintf_i.o)
 .debug_frame   0x0000000000000e14       0x30 c:/mounriver/mrs_community/toolchain/risc-v embedded gcc/bin/../lib/gcc/riscv-none-embed/8.2.0/../../../../riscv-none-embed/lib/rv32imac/ilp32\libg_nano.a(lib_a-sbrkr.o)
 .debug_frame   0x0000000000000e44       0xa4 c:/mounriver/mrs_community/toolchain/risc-v embedded gcc/bin/../lib/gcc/riscv-none-embed/8.2.0/../../../../riscv-none-embed/lib/rv32imac/ilp32\libg_nano.a(lib_a-stdio.o)
 .debug_frame   0x0000000000000ee8       0x30 c:/mounriver/mrs_community/toolchain/risc-v embedded gcc/bin/../lib/gcc/riscv-none-embed/8.2.0/../../../../riscv-none-embed/lib/rv32imac/ilp32\libg_nano.a(lib_a-writer.o)
 .debug_frame   0x0000000000000f18       0x30 c:/mounriver/mrs_community/toolchain/risc-v embedded gcc/bin/../lib/gcc/riscv-none-embed/8.2.0/../../../../riscv-none-embed/lib/rv32imac/ilp32\libg_nano.a(lib_a-closer.o)
 .debug_frame   0x0000000000000f48       0x30 c:/mounriver/mrs_community/toolchain/risc-v embedded gcc/bin/../lib/gcc/riscv-none-embed/8.2.0/../../../../riscv-none-embed/lib/rv32imac/ilp32\libg_nano.a(lib_a-fstatr.o)
 .debug_frame   0x0000000000000f78       0x30 c:/mounriver/mrs_community/toolchain/risc-v embedded gcc/bin/../lib/gcc/riscv-none-embed/8.2.0/../../../../riscv-none-embed/lib/rv32imac/ilp32\libg_nano.a(lib_a-isattyr.o)
 .debug_frame   0x0000000000000fa8       0x30 c:/mounriver/mrs_community/toolchain/risc-v embedded gcc/bin/../lib/gcc/riscv-none-embed/8.2.0/../../../../riscv-none-embed/lib/rv32imac/ilp32\libg_nano.a(lib_a-lseekr.o)
 .debug_frame   0x0000000000000fd8       0x20 c:/mounriver/mrs_community/toolchain/risc-v embedded gcc/bin/../lib/gcc/riscv-none-embed/8.2.0/../../../../riscv-none-embed/lib/rv32imac/ilp32\libg_nano.a(lib_a-memchr.o)
 .debug_frame   0x0000000000000ff8       0x30 c:/mounriver/mrs_community/toolchain/risc-v embedded gcc/bin/../lib/gcc/riscv-none-embed/8.2.0/../../../../riscv-none-embed/lib/rv32imac/ilp32\libg_nano.a(lib_a-mlock.o)
 .debug_frame   0x0000000000001028       0x30 c:/mounriver/mrs_community/toolchain/risc-v embedded gcc/bin/../lib/gcc/riscv-none-embed/8.2.0/../../../../riscv-none-embed/lib/rv32imac/ilp32\libg_nano.a(lib_a-readr.o)
 .debug_frame   0x0000000000001058       0x70 c:/mounriver/mrs_community/toolchain/risc-v embedded gcc/bin/../lib/gcc/riscv-none-embed/8.2.0/../../../../riscv-none-embed/lib/rv32imac/ilp32\libg_nano.a(lib_a-reent.o)
 .debug_frame   0x00000000000010c8       0x20 c:/mounriver/mrs_community/toolchain/risc-v embedded gcc/bin/../lib/gcc/riscv-none-embed/8.2.0/../../../../riscv-none-embed/lib/rv32imac/ilp32\libnosys.a(close.o)
 .debug_frame   0x00000000000010e8       0x20 c:/mounriver/mrs_community/toolchain/risc-v embedded gcc/bin/../lib/gcc/riscv-none-embed/8.2.0/../../../../riscv-none-embed/lib/rv32imac/ilp32\libnosys.a(fstat.o)
 .debug_frame   0x0000000000001108       0x20 c:/mounriver/mrs_community/toolchain/risc-v embedded gcc/bin/../lib/gcc/riscv-none-embed/8.2.0/../../../../riscv-none-embed/lib/rv32imac/ilp32\libnosys.a(isatty.o)
 .debug_frame   0x0000000000001128       0x20 c:/mounriver/mrs_community/toolchain/risc-v embedded gcc/bin/../lib/gcc/riscv-none-embed/8.2.0/../../../../riscv-none-embed/lib/rv32imac/ilp32\libnosys.a(lseek.o)
 .debug_frame   0x0000000000001148       0x20 c:/mounriver/mrs_community/toolchain/risc-v embedded gcc/bin/../lib/gcc/riscv-none-embed/8.2.0/../../../../riscv-none-embed/lib/rv32imac/ilp32\libnosys.a(read.o)

.stab           0x0000000000000000       0x84
 .stab          0x0000000000000000       0x24 c:/mounriver/mrs_community/toolchain/risc-v embedded gcc/bin/../lib/gcc/riscv-none-embed/8.2.0/../../../../riscv-none-embed/lib/rv32imac/ilp32\libnosys.a(close.o)
 .stab          0x0000000000000024       0x18 c:/mounriver/mrs_community/toolchain/risc-v embedded gcc/bin/../lib/gcc/riscv-none-embed/8.2.0/../../../../riscv-none-embed/lib/rv32imac/ilp32\libnosys.a(fstat.o)
                                         0x24 (size before relaxing)
 .stab          0x000000000000003c       0x18 c:/mounriver/mrs_community/toolchain/risc-v embedded gcc/bin/../lib/gcc/riscv-none-embed/8.2.0/../../../../riscv-none-embed/lib/rv32imac/ilp32\libnosys.a(isatty.o)
                                         0x24 (size before relaxing)
 .stab          0x0000000000000054       0x18 c:/mounriver/mrs_community/toolchain/risc-v embedded gcc/bin/../lib/gcc/riscv-none-embed/8.2.0/../../../../riscv-none-embed/lib/rv32imac/ilp32\libnosys.a(lseek.o)
                                         0x24 (size before relaxing)
 .stab          0x000000000000006c       0x18 c:/mounriver/mrs_community/toolchain/risc-v embedded gcc/bin/../lib/gcc/riscv-none-embed/8.2.0/../../../../riscv-none-embed/lib/rv32imac/ilp32\libnosys.a(read.o)
                                         0x24 (size before relaxing)

.stabstr        0x0000000000000000      0x117
 .stabstr       0x0000000000000000      0x117 c:/mounriver/mrs_community/toolchain/risc-v embedded gcc/bin/../lib/gcc/riscv-none-embed/8.2.0/../../../../riscv-none-embed/lib/rv32imac/ilp32\libnosys.a(close.o)
